cmath:357:3:constexpr float std::log10(float)	16	static
cmath:388:3:constexpr float std::pow(float, float)	16	static
cmath:661:3:constexpr bool std::signbit(float)	16	static
cmath:1756:3:constexpr float std::round(float)	16	static
animations.cpp:45:6:void HsvToRgb(uint_fast16_t*, uint_fast8_t*)	24	static
animations.cpp:90:6:void wheel()	64	static
animations.cpp:133:6:bool is_edge(uint_fast16_t, uint_fast16_t)	16	static
animations.cpp:141:6:void diffusion()	12432	static
animations.cpp:264:6:void diffusion_1d()	12424	static
cmath:369:5:constexpr typename __gnu_cxx::__enable_if<std::__is_integer<_Tp>::__value, double>::__type std::log10(_Tp) [with _Tp = int]	16	static
animations.cpp:385:6:void log_bin_partition(float*)	48	static
animations.cpp:400:6:void arctic_monkeys()	6176	static
animations.cpp:423:7:float ApproxAtan2(float32_t, float32_t)	56	static
animations.cpp:468:6:void spectrogram()	192	static
animations.cpp:525:6:void rainbow_update(int_fast8_t*, uint_fast8_t*, uint_fast8_t)	32	static
animations.cpp:544:6:void rainbow()	40	static
animations.cpp:564:6:void rainbow_update_HSV(uint_fast16_t*)	16	static
animations.cpp:574:6:void waterfall()	336	static
animations.cpp:673:6:void rainbow_HSV()	48	static
animations.cpp:704:6:void The_Matrix()	4	static
