Archive member included to satisfy reference by file (symbol)

../libs\libarm_cortexM4lf_math.a(arm_mean_q15.o)
                              Core/Src/main.o (arm_mean_q15)
../libs\libarm_cortexM4lf_math.a(arm_max_f32.o)
                              Core/Src/animations.o (arm_max_f32)
../libs\libarm_cortexM4lf_math.a(arm_rfft_fast_init_f32.o)
                              Core/Src/Application.o (arm_rfft_512_fast_init_f32)
../libs\libarm_cortexM4lf_math.a(arm_rfft_fast_f32.o)
                              Core/Src/main.o (arm_rfft_fast_f32)
../libs\libarm_cortexM4lf_math.a(arm_cfft_f32.o)
                              ../libs\libarm_cortexM4lf_math.a(arm_rfft_fast_f32.o) (arm_cfft_f32)
../libs\libarm_cortexM4lf_math.a(arm_bitreversal2.o)
                              ../libs\libarm_cortexM4lf_math.a(arm_cfft_f32.o) (arm_bitreversal_32)
../libs\libarm_cortexM4lf_math.a(arm_cmplx_mag_f32.o)
                              Core/Src/main.o (arm_cmplx_mag_f32)
../libs\libarm_cortexM4lf_math.a(arm_sin_f32.o)
                              Core/Src/animations.o (arm_sin_f32)
../libs\libarm_cortexM4lf_math.a(arm_mult_f32.o)
                              Core/Src/main.o (arm_mult_f32)
../libs\libarm_cortexM4lf_math.a(arm_common_tables.o)
                              ../libs\libarm_cortexM4lf_math.a(arm_sin_f32.o) (sinTable_f32)
../libs\libarm_cortexM4lf_math.a(arm_cfft_radix8_f32.o)
                              ../libs\libarm_cortexM4lf_math.a(arm_cfft_f32.o) (arm_radix8_butterfly_f32)
c:/st/stm32cubeide_1.4.0/stm32cubeide/plugins/com.st.stm32cube.ide.mcu.externaltools.gnu-tools-for-stm32.9-2020-q2-update.win32_1.5.0.202011040924/tools/bin/../lib/gcc/arm-none-eabi/9.3.1/../../../../arm-none-eabi/lib/thumb/v7e-m+fp/hard\libm.a(lib_a-sf_cos.o)
                              Core/Src/dsp_window.o (cosf)
c:/st/stm32cubeide_1.4.0/stm32cubeide/plugins/com.st.stm32cube.ide.mcu.externaltools.gnu-tools-for-stm32.9-2020-q2-update.win32_1.5.0.202011040924/tools/bin/../lib/gcc/arm-none-eabi/9.3.1/../../../../arm-none-eabi/lib/thumb/v7e-m+fp/hard\libm.a(lib_a-sf_round.o)
                              Core/Src/animations.o (roundf)
c:/st/stm32cubeide_1.4.0/stm32cubeide/plugins/com.st.stm32cube.ide.mcu.externaltools.gnu-tools-for-stm32.9-2020-q2-update.win32_1.5.0.202011040924/tools/bin/../lib/gcc/arm-none-eabi/9.3.1/../../../../arm-none-eabi/lib/thumb/v7e-m+fp/hard\libm.a(lib_a-sf_sin.o)
                              Core/Src/dsp_window.o (sinf)
c:/st/stm32cubeide_1.4.0/stm32cubeide/plugins/com.st.stm32cube.ide.mcu.externaltools.gnu-tools-for-stm32.9-2020-q2-update.win32_1.5.0.202011040924/tools/bin/../lib/gcc/arm-none-eabi/9.3.1/../../../../arm-none-eabi/lib/thumb/v7e-m+fp/hard\libm.a(lib_a-w_log10.o)
                              Core/Src/animations.o (log10)
c:/st/stm32cubeide_1.4.0/stm32cubeide/plugins/com.st.stm32cube.ide.mcu.externaltools.gnu-tools-for-stm32.9-2020-q2-update.win32_1.5.0.202011040924/tools/bin/../lib/gcc/arm-none-eabi/9.3.1/../../../../arm-none-eabi/lib/thumb/v7e-m+fp/hard\libm.a(lib_a-wf_log10.o)
                              Core/Src/animations.o (log10f)
c:/st/stm32cubeide_1.4.0/stm32cubeide/plugins/com.st.stm32cube.ide.mcu.externaltools.gnu-tools-for-stm32.9-2020-q2-update.win32_1.5.0.202011040924/tools/bin/../lib/gcc/arm-none-eabi/9.3.1/../../../../arm-none-eabi/lib/thumb/v7e-m+fp/hard\libm.a(lib_a-wf_pow.o)
                              Core/Src/animations.o (powf)
c:/st/stm32cubeide_1.4.0/stm32cubeide/plugins/com.st.stm32cube.ide.mcu.externaltools.gnu-tools-for-stm32.9-2020-q2-update.win32_1.5.0.202011040924/tools/bin/../lib/gcc/arm-none-eabi/9.3.1/../../../../arm-none-eabi/lib/thumb/v7e-m+fp/hard\libm.a(lib_a-wf_sqrt.o)
                              ../libs\libarm_cortexM4lf_math.a(arm_cmplx_mag_f32.o) (sqrtf)
c:/st/stm32cubeide_1.4.0/stm32cubeide/plugins/com.st.stm32cube.ide.mcu.externaltools.gnu-tools-for-stm32.9-2020-q2-update.win32_1.5.0.202011040924/tools/bin/../lib/gcc/arm-none-eabi/9.3.1/../../../../arm-none-eabi/lib/thumb/v7e-m+fp/hard\libm.a(lib_a-e_log10.o)
                              c:/st/stm32cubeide_1.4.0/stm32cubeide/plugins/com.st.stm32cube.ide.mcu.externaltools.gnu-tools-for-stm32.9-2020-q2-update.win32_1.5.0.202011040924/tools/bin/../lib/gcc/arm-none-eabi/9.3.1/../../../../arm-none-eabi/lib/thumb/v7e-m+fp/hard\libm.a(lib_a-w_log10.o) (__ieee754_log10)
c:/st/stm32cubeide_1.4.0/stm32cubeide/plugins/com.st.stm32cube.ide.mcu.externaltools.gnu-tools-for-stm32.9-2020-q2-update.win32_1.5.0.202011040924/tools/bin/../lib/gcc/arm-none-eabi/9.3.1/../../../../arm-none-eabi/lib/thumb/v7e-m+fp/hard\libm.a(lib_a-ef_log10.o)
                              c:/st/stm32cubeide_1.4.0/stm32cubeide/plugins/com.st.stm32cube.ide.mcu.externaltools.gnu-tools-for-stm32.9-2020-q2-update.win32_1.5.0.202011040924/tools/bin/../lib/gcc/arm-none-eabi/9.3.1/../../../../arm-none-eabi/lib/thumb/v7e-m+fp/hard\libm.a(lib_a-wf_log10.o) (__ieee754_log10f)
[...]
Memory Configuration

Name             Origin             Length             Attributes
RAM              0x0000000020000000 0x0000000000010000 xrw
FLASH            0x0000000008000000 0x0000000000040000 xr
*default*        0x0000000000000000 0xffffffffffffffff

Linker script and memory map

LOAD c:/st/stm32cubeide_1.4.0/stm32cubeide/plugins/com.st.stm32cube.ide.mcu.externaltools.gnu-tools-for-stm32.9-2020-q2-update.win32_1.5.0.202011040924/tools/bin/../lib/gcc/arm-none-eabi/9.3.1/thumb/v7e-m+fp/hard/crti.o
LOAD c:/st/stm32cubeide_1.4.0/stm32cubeide/plugins/com.st.stm32cube.ide.mcu.externaltools.gnu-tools-for-stm32.9-2020-q2-update.win32_1.5.0.202011040924/tools/bin/../lib/gcc/arm-none-eabi/9.3.1/thumb/v7e-m+fp/hard/crtbegin.o
LOAD c:/st/stm32cubeide_1.4.0/stm32cubeide/plugins/com.st.stm32cube.ide.mcu.externaltools.gnu-tools-for-stm32.9-2020-q2-update.win32_1.5.0.202011040924/tools/bin/../lib/gcc/arm-none-eabi/9.3.1/../../../../arm-none-eabi/lib/thumb/v7e-m+fp/hard/crt0.o
LOAD Core/Src/Application.o
LOAD Core/Src/Particles.o
LOAD Core/Src/animations.o
LOAD Core/Src/dsp_window.o
LOAD Core/Src/main.o
LOAD Core/Src/stm32l4xx_hal_msp.o
LOAD Core/Src/stm32l4xx_it.o
LOAD Core/Src/syscalls.o
LOAD Core/Src/sysmem.o
LOAD Core/Src/system_stm32l4xx.o
LOAD Core/Src/ws2812b_driver.o
LOAD Core/Startup/startup_stm32l432kcux.o
LOAD Drivers/STM32L4xx_HAL_Driver/stm32l4xx_hal.o
LOAD Drivers/STM32L4xx_HAL_Driver/stm32l4xx_hal_adc.o
LOAD Drivers/STM32L4xx_HAL_Driver/stm32l4xx_hal_adc_ex.o
LOAD Drivers/STM32L4xx_HAL_Driver/stm32l4xx_hal_cortex.o
LOAD Drivers/STM32L4xx_HAL_Driver/stm32l4xx_hal_dma.o
LOAD Drivers/STM32L4xx_HAL_Driver/stm32l4xx_hal_dma_ex.o
LOAD Drivers/STM32L4xx_HAL_Driver/stm32l4xx_hal_exti.o
LOAD Drivers/STM32L4xx_HAL_Driver/stm32l4xx_hal_flash.o
LOAD Drivers/STM32L4xx_HAL_Driver/stm32l4xx_hal_flash_ex.o
LOAD Drivers/STM32L4xx_HAL_Driver/stm32l4xx_hal_flash_ramfunc.o
LOAD Drivers/STM32L4xx_HAL_Driver/stm32l4xx_hal_gpio.o
LOAD Drivers/STM32L4xx_HAL_Driver/stm32l4xx_hal_i2c.o
LOAD Drivers/STM32L4xx_HAL_Driver/stm32l4xx_hal_i2c_ex.o
LOAD Drivers/STM32L4xx_HAL_Driver/stm32l4xx_hal_pwr.o
LOAD Drivers/STM32L4xx_HAL_Driver/stm32l4xx_hal_pwr_ex.o
LOAD Drivers/STM32L4xx_HAL_Driver/stm32l4xx_hal_rcc.o
LOAD Drivers/STM32L4xx_HAL_Driver/stm32l4xx_hal_rcc_ex.o
LOAD Drivers/STM32L4xx_HAL_Driver/stm32l4xx_hal_rng.o
LOAD Drivers/STM32L4xx_HAL_Driver/stm32l4xx_hal_tim.o
LOAD Drivers/STM32L4xx_HAL_Driver/stm32l4xx_hal_tim_ex.o
LOAD Drivers/STM32L4xx_HAL_Driver/stm32l4xx_hal_uart.o
LOAD Drivers/STM32L4xx_HAL_Driver/stm32l4xx_hal_uart_ex.o
LOAD ../libs\libarm_cortexM4lf_math.a
START GROUP
LOAD ../libs\libarm_cortexM4lf_math.a
END GROUP
START GROUP
LOAD c:/st/stm32cubeide_1.4.0/stm32cubeide/plugins/com.st.stm32cube.ide.mcu.externaltools.gnu-tools-for-stm32.9-2020-q2-update.win32_1.5.0.202011040924/tools/bin/../lib/gcc/arm-none-eabi/9.3.1/../../../../arm-none-eabi/lib/thumb/v7e-m+fp/hard\libstdc++_nano.a
LOAD c:/st/stm32cubeide_1.4.0/stm32cubeide/plugins/com.st.stm32cube.ide.mcu.externaltools.gnu-tools-for-stm32.9-2020-q2-update.win32_1.5.0.202011040924/tools/bin/../lib/gcc/arm-none-eabi/9.3.1/../../../../arm-none-eabi/lib/thumb/v7e-m+fp/hard\libsupc++_nano.a
END GROUP
LOAD c:/st/stm32cubeide_1.4.0/stm32cubeide/plugins/com.st.stm32cube.ide.mcu.externaltools.gnu-tools-for-stm32.9-2020-q2-update.win32_1.5.0.202011040924/tools/bin/../lib/gcc/arm-none-eabi/9.3.1/../../../../arm-none-eabi/lib/thumb/v7e-m+fp/hard\libstdc++_nano.a
LOAD c:/st/stm32cubeide_1.4.0/stm32cubeide/plugins/com.st.stm32cube.ide.mcu.externaltools.gnu-tools-for-stm32.9-2020-q2-update.win32_1.5.0.202011040924/tools/bin/../lib/gcc/arm-none-eabi/9.3.1/../../../../arm-none-eabi/lib/thumb/v7e-m+fp/hard\libm.a
LOAD c:/st/stm32cubeide_1.4.0/stm32cubeide/plugins/com.st.stm32cube.ide.mcu.externaltools.gnu-tools-for-stm32.9-2020-q2-update.win32_1.5.0.202011040924/tools/bin/../lib/gcc/arm-none-eabi/9.3.1/../../../../arm-none-eabi/lib/thumb/v7e-m+fp/hard\libc_nano.a
START GROUP
LOAD c:/st/stm32cubeide_1.4.0/stm32cubeide/plugins/com.st.stm32cube.ide.mcu.externaltools.gnu-tools-for-stm32.9-2020-q2-update.win32_1.5.0.202011040924/tools/bin/../lib/gcc/arm-none-eabi/9.3.1/thumb/v7e-m+fp/hard\libgcc.a
LOAD c:/st/stm32cubeide_1.4.0/stm32cubeide/plugins/com.st.stm32cube.ide.mcu.externaltools.gnu-tools-for-stm32.9-2020-q2-update.win32_1.5.0.202011040924/tools/bin/../lib/gcc/arm-none-eabi/9.3.1/../../../../arm-none-eabi/lib/thumb/v7e-m+fp/hard\libc_nano.a
END GROUP
START GROUP
LOAD c:/st/stm32cubeide_1.4.0/stm32cubeide/plugins/com.st.stm32cube.ide.mcu.externaltools.gnu-tools-for-stm32.9-2020-q2-update.win32_1.5.0.202011040924/tools/bin/../lib/gcc/arm-none-eabi/9.3.1/thumb/v7e-m+fp/hard\libgcc.a
LOAD c:/st/stm32cubeide_1.4.0/stm32cubeide/plugins/com.st.stm32cube.ide.mcu.externaltools.gnu-tools-for-stm32.9-2020-q2-update.win32_1.5.0.202011040924/tools/bin/../lib/gcc/arm-none-eabi/9.3.1/../../../../arm-none-eabi/lib/thumb/v7e-m+fp/hard\libc_nano.a
END GROUP
LOAD c:/st/stm32cubeide_1.4.0/stm32cubeide/plugins/com.st.stm32cube.ide.mcu.externaltools.gnu-tools-for-stm32.9-2020-q2-update.win32_1.5.0.202011040924/tools/bin/../lib/gcc/arm-none-eabi/9.3.1/thumb/v7e-m+fp/hard/crtend.o
LOAD c:/st/stm32cubeide_1.4.0/stm32cubeide/plugins/com.st.stm32cube.ide.mcu.externaltools.gnu-tools-for-stm32.9-2020-q2-update.win32_1.5.0.202011040924/tools/bin/../lib/gcc/arm-none-eabi/9.3.1/thumb/v7e-m+fp/hard/crtn.o
                0x0000000020010000                _estack = (ORIGIN (RAM) + LENGTH (RAM))
                0x0000000000000200                _Min_Heap_Size = 0x200
                0x0000000000000400                _Min_Stack_Size = 0x400

.isr_vector     0x0000000008000000      0x18c
                0x0000000008000000                . = ALIGN (0x4)
 *(.isr_vector)
 .isr_vector    0x0000000008000000      0x18c Core/Startup/startup_stm32l432kcux.o
                0x0000000008000000                g_pfnVectors
                0x000000000800018c                . = ALIGN (0x4)

.text           0x0000000008000190     0xc9a0
                0x0000000008000190                . = ALIGN (0x4)
 *(.text)
 .text          0x0000000008000190       0x40 c:/st/stm32cubeide_1.4.0/stm32cubeide/plugins/com.st.stm32cube.ide.mcu.externaltools.gnu-tools-for-stm32.9-2020-q2-update.win32_1.5.0.202011040924/tools/bin/../lib/gcc/arm-none-eabi/9.3.1/thumb/v7e-m+fp/hard/crtbegin.o
 .text          0x00000000080001d0       0x10 c:/st/stm32cubeide_1.4.0/stm32cubeide/plugins/com.st.stm32cube.ide.mcu.externaltools.gnu-tools-for-stm32.9-2020-q2-update.win32_1.5.0.202011040924/tools/bin/../lib/gcc/arm-none-eabi/9.3.1/../../../../arm-none-eabi/lib/thumb/v7e-m+fp/hard\libc_nano.a(lib_a-strlen.o)
                0x00000000080001d0                strlen
 .text          0x00000000080001e0       0xa0 c:/st/stm32cubeide_1.4.0/stm32cubeide/plugins/com.st.stm32cube.ide.mcu.externaltools.gnu-tools-for-stm32.9-2020-q2-update.win32_1.5.0.202011040924/tools/bin/../lib/gcc/arm-none-eabi/9.3.1/../../../../arm-none-eabi/lib/thumb/v7e-m+fp/hard\libc_nano.a(lib_a-memchr.o)
                0x00000000080001e0                memchr
 .text          0x0000000008000280      0x378 c:/st/stm32cubeide_1.4.0/stm32cubeide/plugins/com.st.stm32cube.ide.mcu.externaltools.gnu-tools-for-stm32.9-2020-q2-update.win32_1.5.0.202011040924/tools/bin/../lib/gcc/arm-none-eabi/9.3.1/thumb/v7e-m+fp/hard\libgcc.a(_arm_addsubdf3.o)
                0x0000000008000280                __aeabi_drsub
                0x0000000008000288                __aeabi_dsub
                0x0000000008000288                __subdf3
                0x000000000800028c                __aeabi_dadd
                0x000000000800028c                __adddf3
                0x0000000008000504                __floatunsidf
                0x0000000008000504                __aeabi_ui2d
                0x0000000008000524                __floatsidf
                0x0000000008000524                __aeabi_i2d
                0x0000000008000548                __aeabi_f2d
                0x0000000008000548                __extendsfdf2
                0x000000000800058c                __floatundidf
                0x000000000800058c                __aeabi_ul2d
                0x000000000800059c                __floatdidf
                0x000000000800059c                __aeabi_l2d
 .text          0x00000000080005f8      0x424 c:/st/stm32cubeide_1.4.0/stm32cubeide/plugins/com.st.stm32cube.ide.mcu.externaltools.gnu-tools-for-stm32.9-2020-q2-update.win32_1.5.0.202011040924/tools/bin/../lib/gcc/arm-none-eabi/9.3.1/thumb/v7e-m+fp/hard\libgcc.a(_arm_muldivdf3.o)
                0x00000000080005f8                __aeabi_dmul
                0x00000000080005f8                __muldf3
                0x000000000800084c                __divdf3
                0x000000000800084c                __aeabi_ddiv
 .text          0x0000000008000a1c      0x110 c:/st/stm32cubeide_1.4.0/stm32cubeide/plugins/com.st.stm32cube.ide.mcu.externaltools.gnu-tools-for-stm32.9-2020-q2-update.win32_1.5.0.202011040924/tools/bin/../lib/gcc/arm-none-eabi/9.3.1/thumb/v7e-m+fp/hard\libgcc.a(_arm_cmpdf2.o)
                0x0000000008000a1c                __gtdf2
                0x0000000008000a1c                __gedf2
                0x0000000008000a24                __ltdf2
                0x0000000008000a24                __ledf2
                0x0000000008000a2c                __nedf2
                0x0000000008000a2c                __eqdf2
                0x0000000008000a2c                __cmpdf2
                0x0000000008000aa8                __aeabi_cdrcmple
                0x0000000008000ab8                __aeabi_cdcmpeq
                0x0000000008000ab8                __aeabi_cdcmple
                0x0000000008000ac8                __aeabi_dcmpeq
                0x0000000008000adc                __aeabi_dcmplt
                0x0000000008000af0                __aeabi_dcmple
                0x0000000008000b04                __aeabi_dcmpge
                0x0000000008000b18                __aeabi_dcmpgt
 .text          0x0000000008000b2c       0x2c c:/st/stm32cubeide_1.4.0/stm32cubeide/plugins/com.st.stm32cube.ide.mcu.externaltools.gnu-tools-for-stm32.9-2020-q2-update.win32_1.5.0.202011040924/tools/bin/../lib/gcc/arm-none-eabi/9.3.1/thumb/v7e-m+fp/hard\libgcc.a(_arm_unorddf2.o)
                0x0000000008000b2c                __unorddf2
                0x0000000008000b2c                __aeabi_dcmpun
 .text          0x0000000008000b58       0x50 c:/st/stm32cubeide_1.4.0/stm32cubeide/plugins/com.st.stm32cube.ide.mcu.externaltools.gnu-tools-for-stm32.9-2020-q2-update.win32_1.5.0.202011040924/tools/bin/../lib/gcc/arm-none-eabi/9.3.1/thumb/v7e-m+fp/hard\libgcc.a(_arm_fixdfsi.o)
                0x0000000008000b58                __aeabi_d2iz
                0x0000000008000b58                __fixdfsi
 .text          0x0000000008000ba8       0xa0 c:/st/stm32cubeide_1.4.0/stm32cubeide/plugins/com.st.stm32cube.ide.mcu.externaltools.gnu-tools-for-stm32.9-2020-q2-update.win32_1.5.0.202011040924/tools/bin/../lib/gcc/arm-none-eabi/9.3.1/thumb/v7e-m+fp/hard\libgcc.a(_arm_truncdfsf2.o)
                0x0000000008000ba8                __truncdfsf2
                0x0000000008000ba8                __aeabi_d2f
 .text          0x0000000008000c48       0x30 c:/st/stm32cubeide_1.4.0/stm32cubeide/plugins/com.st.stm32cube.ide.mcu.externaltools.gnu-tools-for-stm32.9-2020-q2-update.win32_1.5.0.202011040924/tools/bin/../lib/gcc/arm-none-eabi/9.3.1/thumb/v7e-m+fp/hard\libgcc.a(_aeabi_uldivmod.o)
                0x0000000008000c48                __aeabi_uldivmod
 .text          0x0000000008000c78      0x2c4 c:/st/stm32cubeide_1.4.0/stm32cubeide/plugins/com.st.stm32cube.ide.mcu.externaltools.gnu-tools-for-stm32.9-2020-q2-update.win32_1.5.0.202011040924/tools/bin/../lib/gcc/arm-none-eabi/9.3.1/thumb/v7e-m+fp/hard\libgcc.a(_udivmoddi4.o)
                0x0000000008000c78                __udivmoddi4
 .text          0x0000000008000f3c        0x4 c:/st/stm32cubeide_1.4.0/stm32cubeide/plugins/com.st.stm32cube.ide.mcu.externaltools.gnu-tools-for-stm32.9-2020-q2-update.win32_1.5.0.202011040924/tools/bin/../lib/gcc/arm-none-eabi/9.3.1/thumb/v7e-m+fp/hard\libgcc.a(_dvmd_tls.o)
                0x0000000008000f3c                __aeabi_idiv0
                0x0000000008000f3c                __aeabi_ldiv0
 *(.text*)
 .text._Z7cpp_appv
                0x0000000008000f40       0xac Core/Src/Application.o
                0x0000000008000f40                cpp_app()
 .text._Z12RetargetInitP20__UART_HandleTypeDef
                0x0000000008000fec       0x30 Core/Src/Application.o
                0x0000000008000fec                RetargetInit(__UART_HandleTypeDef*)
 .text.App      0x000000000800101c        0xc Core/Src/Application.o
                0x000000000800101c                App
 .text._ZSt5log10f
                0x0000000008001028       0x20 Core/Src/animations.o
                0x0000000008001028                std::log10(float)
 .text._ZSt5roundf
                0x0000000008001048       0x20 Core/Src/animations.o
                0x0000000008001048                std::round(float)
 .text._Z8HsvToRgbPjS_
                0x0000000008001068      0x184 Core/Src/animations.o
                0x0000000008001068                HsvToRgb(unsigned int*, unsigned int*)
 .text._Z9diffusionv
                0x00000000080011ec      0x83c Core/Src/animations.o
                0x00000000080011ec                diffusion()
 .text._Z12diffusion_1dv
                0x0000000008001a28      0x7d0 Core/Src/animations.o
                0x0000000008001a28                diffusion_1d()
 .text._Z14arctic_monkeysv
                0x00000000080021f8      0x1d8 Core/Src/animations.o
                0x00000000080021f8                arctic_monkeys()
 .text._Z9waterfallv
                0x00000000080023d0      0x3ec Core/Src/animations.o
                0x00000000080023d0                waterfall()
 .text._Z11rainbow_HSVv
                0x00000000080027bc       0xb4 Core/Src/animations.o
                0x00000000080027bc                rainbow_HSV()
 .text.main     0x0000000008002870       0x58 Core/Src/main.o
                0x0000000008002870                main
 .text.SystemClock_Config
                0x00000000080028c8      0x110 Core/Src/main.o
                0x00000000080028c8                SystemClock_Config
 .text.MX_NVIC_Init
                0x00000000080029d8       0x48 Core/Src/main.o
 .text.MX_ADC1_Init
                0x0000000008002a20       0xcc Core/Src/main.o
 .text.MX_RNG_Init
                0x0000000008002aec       0x28 Core/Src/main.o
 .text.MX_TIM2_Init
                0x0000000008002b14       0x9c Core/Src/main.o
 .text.MX_TIM6_Init
                0x0000000008002bb0       0x6c Core/Src/main.o
 .text.MX_TIM7_Init
                0x0000000008002c1c       0x70 Core/Src/main.o
 .text.MX_TIM16_Init
                0x0000000008002c8c       0xec Core/Src/main.o
 .text.MX_USART2_UART_Init
                0x0000000008002d78       0x60 Core/Src/main.o
 .text.MX_DMA_Init
                0x0000000008002dd8       0x30 Core/Src/main.o
 .text.MX_GPIO_Init
                0x0000000008002e08       0x94 Core/Src/main.o
 .text.HAL_ADC_ConvCpltCallback
                0x0000000008002e9c      0x168 Core/Src/main.o
                0x0000000008002e9c                HAL_ADC_ConvCpltCallback
 .text.Error_Handler
                0x0000000008003004       0x1c Core/Src/main.o
                0x0000000008003004                Error_Handler
 .text.HAL_MspInit
                0x0000000008003020       0x48 Core/Src/stm32l4xx_hal_msp.o
                0x0000000008003020                HAL_MspInit
 .text.HAL_ADC_MspInit
                0x0000000008003068       0xdc Core/Src/stm32l4xx_hal_msp.o
                0x0000000008003068                HAL_ADC_MspInit
 .text.HAL_RNG_MspInit
                0x0000000008003144       0x40 Core/Src/stm32l4xx_hal_msp.o
                0x0000000008003144                HAL_RNG_MspInit
 .text.HAL_TIM_Base_MspInit
                0x0000000008003184      0x118 Core/Src/stm32l4xx_hal_msp.o
                0x0000000008003184                HAL_TIM_Base_MspInit
 .text.HAL_TIM_MspPostInit
                0x000000000800329c       0x6c Core/Src/stm32l4xx_hal_msp.o
                0x000000000800329c                HAL_TIM_MspPostInit
 .text.HAL_UART_MspInit
                0x0000000008003308       0xa8 Core/Src/stm32l4xx_hal_msp.o
                0x0000000008003308                HAL_UART_MspInit
 .text.NMI_Handler
                0x00000000080033b0        0x6 Core/Src/stm32l4xx_it.o
                0x00000000080033b0                NMI_Handler
 .text.HardFault_Handler
                0x00000000080033b6        0x6 Core/Src/stm32l4xx_it.o
                0x00000000080033b6                HardFault_Handler
 .text.MemManage_Handler
                0x00000000080033bc        0x6 Core/Src/stm32l4xx_it.o
                0x00000000080033bc                MemManage_Handler
 .text.BusFault_Handler
                0x00000000080033c2        0x6 Core/Src/stm32l4xx_it.o
                0x00000000080033c2                BusFault_Handler
 .text.UsageFault_Handler
                0x00000000080033c8        0x6 Core/Src/stm32l4xx_it.o
                0x00000000080033c8                UsageFault_Handler
 .text.SVC_Handler
                0x00000000080033ce        0xe Core/Src/stm32l4xx_it.o
                0x00000000080033ce                SVC_Handler
 .text.DebugMon_Handler
                0x00000000080033dc        0xe Core/Src/stm32l4xx_it.o
                0x00000000080033dc                DebugMon_Handler
 .text.PendSV_Handler
                0x00000000080033ea        0xe Core/Src/stm32l4xx_it.o
                0x00000000080033ea                PendSV_Handler
 .text.SysTick_Handler
                0x00000000080033f8        0xc Core/Src/stm32l4xx_it.o
                0x00000000080033f8                SysTick_Handler
 .text.DMA1_Channel1_IRQHandler
                0x0000000008003404       0x14 Core/Src/stm32l4xx_it.o
                0x0000000008003404                DMA1_Channel1_IRQHandler
 .text.DMA1_Channel3_IRQHandler
                0x0000000008003418       0x14 Core/Src/stm32l4xx_it.o
                0x0000000008003418                DMA1_Channel3_IRQHandler
 .text.TIM6_DAC_IRQHandler
                0x000000000800342c       0x14 Core/Src/stm32l4xx_it.o
                0x000000000800342c                TIM6_DAC_IRQHandler
 .text.TIM7_IRQHandler
                0x0000000008003440       0x4c Core/Src/stm32l4xx_it.o
                0x0000000008003440                TIM7_IRQHandler
 .text._getpid  0x000000000800348c       0x10 Core/Src/syscalls.o
                0x000000000800348c                _getpid
 .text._kill    0x000000000800349c       0x20 Core/Src/syscalls.o
                0x000000000800349c                _kill
 .text._exit    0x00000000080034bc       0x14 Core/Src/syscalls.o
                0x00000000080034bc                _exit
 .text._read    0x00000000080034d0       0x3a Core/Src/syscalls.o
                0x00000000080034d0                _read
 .text._write   0x000000000800350a       0x38 Core/Src/syscalls.o
                0x000000000800350a                _write
 .text._close   0x0000000008003542       0x18 Core/Src/syscalls.o
                0x0000000008003542                _close
 .text._fstat   0x000000000800355a       0x20 Core/Src/syscalls.o
                0x000000000800355a                _fstat
 .text._isatty  0x000000000800357a       0x16 Core/Src/syscalls.o
                0x000000000800357a                _isatty
 .text._lseek   0x0000000008003590       0x1a Core/Src/syscalls.o
                0x0000000008003590                _lseek
 *fill*         0x00000000080035aa        0x2 
 .text._sbrk    0x00000000080035ac       0x6c Core/Src/sysmem.o
                0x00000000080035ac                _sbrk
 .text.SystemInit
                0x0000000008003618       0x64 Core/Src/system_stm32l4xx.o
                0x0000000008003618                SystemInit
 .text._Z13bitmap2bufferv
                0x000000000800367c       0x98 Core/Src/ws2812b_driver.o
                0x000000000800367c                bitmap2buffer()
 .text._Z10send_framev
                0x0000000008003714       0x5c Core/Src/ws2812b_driver.o
                0x0000000008003714                send_frame()
 .text._Z9reset_rgbv
                0x0000000008003770       0x50 Core/Src/ws2812b_driver.o
                0x0000000008003770                reset_rgb()
 .text._Z2XYjj  0x00000000080037c0       0x30 Core/Src/ws2812b_driver.o
                0x00000000080037c0                XY(unsigned int, unsigned int)
 .text.Reset_Handler
                0x00000000080037f0       0x50 Core/Startup/startup_stm32l432kcux.o
                0x00000000080037f0                Reset_Handler
 .text.Default_Handler
                0x0000000008003840        0x2 Core/Startup/startup_stm32l432kcux.o
                0x0000000008003840                RTC_Alarm_IRQHandler
                0x0000000008003840                EXTI2_IRQHandler
                0x0000000008003840                TIM1_CC_IRQHandler
                0x0000000008003840                TSC_IRQHandler
                0x0000000008003840                TAMP_STAMP_IRQHandler
                0x0000000008003840                EXTI3_IRQHandler
                0x0000000008003840                LPTIM2_IRQHandler
                0x0000000008003840                I2C3_ER_IRQHandler
                0x0000000008003840                EXTI0_IRQHandler
                0x0000000008003840                CAN1_RX0_IRQHandler
                0x0000000008003840                FPU_IRQHandler
                0x0000000008003840                TIM1_UP_TIM16_IRQHandler
                0x0000000008003840                SPI1_IRQHandler
                0x0000000008003840                DMA2_Channel2_IRQHandler
                0x0000000008003840                DMA1_Channel4_IRQHandler
                0x0000000008003840                ADC1_IRQHandler
                0x0000000008003840                DMA1_Channel7_IRQHandler
                0x0000000008003840                CAN1_RX1_IRQHandler
                0x0000000008003840                DMA2_Channel1_IRQHandler
                0x0000000008003840                QUADSPI_IRQHandler
                0x0000000008003840                I2C1_EV_IRQHandler
                0x0000000008003840                DMA1_Channel6_IRQHandler
                0x0000000008003840                DMA2_Channel4_IRQHandler
                0x0000000008003840                RCC_IRQHandler
                0x0000000008003840                TIM1_TRG_COM_IRQHandler
                0x0000000008003840                Default_Handler
                0x0000000008003840                DMA2_Channel7_IRQHandler
                0x0000000008003840                EXTI15_10_IRQHandler
                0x0000000008003840                I2C3_EV_IRQHandler
                0x0000000008003840                USB_IRQHandler
                0x0000000008003840                EXTI9_5_IRQHandler
                0x0000000008003840                RTC_WKUP_IRQHandler
                0x0000000008003840                PVD_PVM_IRQHandler
                0x0000000008003840                CAN1_TX_IRQHandler
                0x0000000008003840                DMA2_Channel5_IRQHandler
                0x0000000008003840                CRS_IRQHandler
                0x0000000008003840                DMA1_Channel5_IRQHandler
                0x0000000008003840                EXTI4_IRQHandler
                0x0000000008003840                RNG_IRQHandler
                0x0000000008003840                COMP_IRQHandler
                0x0000000008003840                WWDG_IRQHandler
                0x0000000008003840                LPUART1_IRQHandler
                0x0000000008003840                DMA2_Channel6_IRQHandler
                0x0000000008003840                TIM2_IRQHandler
                0x0000000008003840                EXTI1_IRQHandler
                0x0000000008003840                USART2_IRQHandler
                0x0000000008003840                DMA1_Channel2_IRQHandler
                0x0000000008003840                CAN1_SCE_IRQHandler
                0x0000000008003840                FLASH_IRQHandler
                0x0000000008003840                USART1_IRQHandler
                0x0000000008003840                SPI3_IRQHandler
                0x0000000008003840                I2C1_ER_IRQHandler
                0x0000000008003840                SWPMI1_IRQHandler
                0x0000000008003840                LPTIM1_IRQHandler
                0x0000000008003840                SAI1_IRQHandler
                0x0000000008003840                DMA2_Channel3_IRQHandler
                0x0000000008003840                TIM1_BRK_TIM15_IRQHandler
 .text.HAL_Init
                0x0000000008003842       0x30 Drivers/STM32L4xx_HAL_Driver/stm32l4xx_hal.o
                0x0000000008003842                HAL_Init
 *fill*         0x0000000008003872        0x2 
 .text.HAL_InitTick
                0x0000000008003874       0x78 Drivers/STM32L4xx_HAL_Driver/stm32l4xx_hal.o
                0x0000000008003874                HAL_InitTick
 .text.HAL_IncTick
                0x00000000080038ec       0x28 Drivers/STM32L4xx_HAL_Driver/stm32l4xx_hal.o
                0x00000000080038ec                HAL_IncTick
 .text.HAL_GetTick
                0x0000000008003914       0x18 Drivers/STM32L4xx_HAL_Driver/stm32l4xx_hal.o
                0x0000000008003914                HAL_GetTick
 .text.LL_ADC_SetCommonClock
                0x000000000800392c       0x26 Drivers/STM32L4xx_HAL_Driver/stm32l4xx_hal_adc.o
 .text.LL_ADC_SetCommonPathInternalCh
                0x0000000008003952       0x26 Drivers/STM32L4xx_HAL_Driver/stm32l4xx_hal_adc.o
 .text.LL_ADC_GetCommonPathInternalCh
                0x0000000008003978       0x1c Drivers/STM32L4xx_HAL_Driver/stm32l4xx_hal_adc.o
 .text.LL_ADC_SetOffset
                0x0000000008003994       0x48 Drivers/STM32L4xx_HAL_Driver/stm32l4xx_hal_adc.o
 .text.LL_ADC_GetOffsetChannel
                0x00000000080039dc       0x2c Drivers/STM32L4xx_HAL_Driver/stm32l4xx_hal_adc.o
 .text.LL_ADC_SetOffsetState
                0x0000000008003a08       0x36 Drivers/STM32L4xx_HAL_Driver/stm32l4xx_hal_adc.o
 .text.LL_ADC_REG_IsTriggerSourceSWStart
                0x0000000008003a3e       0x26 Drivers/STM32L4xx_HAL_Driver/stm32l4xx_hal_adc.o
 .text.LL_ADC_REG_SetSequencerRanks
                0x0000000008003a64       0x58 Drivers/STM32L4xx_HAL_Driver/stm32l4xx_hal_adc.o
 .text.LL_ADC_SetChannelSamplingTime
                0x0000000008003abc       0x56 Drivers/STM32L4xx_HAL_Driver/stm32l4xx_hal_adc.o
 *fill*         0x0000000008003b12        0x2 
 .text.LL_ADC_SetChannelSingleDiff
                0x0000000008003b14       0x48 Drivers/STM32L4xx_HAL_Driver/stm32l4xx_hal_adc.o
 .text.LL_ADC_DisableDeepPowerDown
                0x0000000008003b5c       0x24 Drivers/STM32L4xx_HAL_Driver/stm32l4xx_hal_adc.o
 .text.LL_ADC_IsDeepPowerDownEnabled
                0x0000000008003b80       0x28 Drivers/STM32L4xx_HAL_Driver/stm32l4xx_hal_adc.o
 .text.LL_ADC_EnableInternalRegulator
                0x0000000008003ba8       0x28 Drivers/STM32L4xx_HAL_Driver/stm32l4xx_hal_adc.o
 .text.LL_ADC_IsInternalRegulatorEnabled
                0x0000000008003bd0       0x28 Drivers/STM32L4xx_HAL_Driver/stm32l4xx_hal_adc.o
 .text.LL_ADC_Enable
                0x0000000008003bf8       0x28 Drivers/STM32L4xx_HAL_Driver/stm32l4xx_hal_adc.o
 .text.LL_ADC_Disable
                0x0000000008003c20       0x28 Drivers/STM32L4xx_HAL_Driver/stm32l4xx_hal_adc.o
 .text.LL_ADC_IsEnabled
                0x0000000008003c48       0x26 Drivers/STM32L4xx_HAL_Driver/stm32l4xx_hal_adc.o
 .text.LL_ADC_IsDisableOngoing
                0x0000000008003c6e       0x26 Drivers/STM32L4xx_HAL_Driver/stm32l4xx_hal_adc.o
 .text.LL_ADC_REG_StartConversion
                0x0000000008003c94       0x28 Drivers/STM32L4xx_HAL_Driver/stm32l4xx_hal_adc.o
 .text.LL_ADC_REG_IsConversionOngoing
                0x0000000008003cbc       0x26 Drivers/STM32L4xx_HAL_Driver/stm32l4xx_hal_adc.o
 .text.LL_ADC_INJ_IsConversionOngoing
                0x0000000008003ce2       0x26 Drivers/STM32L4xx_HAL_Driver/stm32l4xx_hal_adc.o
 .text.HAL_ADC_Init
                0x0000000008003d08      0x290 Drivers/STM32L4xx_HAL_Driver/stm32l4xx_hal_adc.o
                0x0000000008003d08                HAL_ADC_Init
 .text.HAL_ADC_Start_DMA
                0x0000000008003f98      0x108 Drivers/STM32L4xx_HAL_Driver/stm32l4xx_hal_adc.o
                0x0000000008003f98                HAL_ADC_Start_DMA
 .text.HAL_ADC_ConvHalfCpltCallback
                0x00000000080040a0       0x14 Drivers/STM32L4xx_HAL_Driver/stm32l4xx_hal_adc.o
                0x00000000080040a0                HAL_ADC_ConvHalfCpltCallback
 .text.HAL_ADC_ErrorCallback
                0x00000000080040b4       0x14 Drivers/STM32L4xx_HAL_Driver/stm32l4xx_hal_adc.o
                0x00000000080040b4                HAL_ADC_ErrorCallback
 .text.HAL_ADC_ConfigChannel
                0x00000000080040c8      0x7c0 Drivers/STM32L4xx_HAL_Driver/stm32l4xx_hal_adc.o
                0x00000000080040c8                HAL_ADC_ConfigChannel
 .text.ADC_Enable
                0x0000000008004888       0xc4 Drivers/STM32L4xx_HAL_Driver/stm32l4xx_hal_adc.o
                0x0000000008004888                ADC_Enable
 .text.ADC_Disable
                0x000000000800494c       0xbe Drivers/STM32L4xx_HAL_Driver/stm32l4xx_hal_adc.o
                0x000000000800494c                ADC_Disable
 .text.ADC_DMAConvCplt
                0x0000000008004a0a       0xd8 Drivers/STM32L4xx_HAL_Driver/stm32l4xx_hal_adc.o
                0x0000000008004a0a                ADC_DMAConvCplt
 .text.ADC_DMAHalfConvCplt
                0x0000000008004ae2       0x1c Drivers/STM32L4xx_HAL_Driver/stm32l4xx_hal_adc.o
                0x0000000008004ae2                ADC_DMAHalfConvCplt
 .text.ADC_DMAError
                0x0000000008004afe       0x34 Drivers/STM32L4xx_HAL_Driver/stm32l4xx_hal_adc.o
                0x0000000008004afe                ADC_DMAError
 .text.LL_ADC_StartCalibration
                0x0000000008004b32       0x32 Drivers/STM32L4xx_HAL_Driver/stm32l4xx_hal_adc_ex.o
 .text.LL_ADC_IsCalibrationOnGoing
                0x0000000008004b64       0x28 Drivers/STM32L4xx_HAL_Driver/stm32l4xx_hal_adc_ex.o
 .text.HAL_ADCEx_Calibration_Start
                0x0000000008004b8c       0xc0 Drivers/STM32L4xx_HAL_Driver/stm32l4xx_hal_adc_ex.o
                0x0000000008004b8c                HAL_ADCEx_Calibration_Start
 .text.__NVIC_SetPriorityGrouping
                0x0000000008004c4c       0x48 Drivers/STM32L4xx_HAL_Driver/stm32l4xx_hal_cortex.o
 .text.__NVIC_GetPriorityGrouping
                0x0000000008004c94       0x1c Drivers/STM32L4xx_HAL_Driver/stm32l4xx_hal_cortex.o
 .text.__NVIC_EnableIRQ
                0x0000000008004cb0       0x3c Drivers/STM32L4xx_HAL_Driver/stm32l4xx_hal_cortex.o
 .text.__NVIC_SetPriority
                0x0000000008004cec       0x54 Drivers/STM32L4xx_HAL_Driver/stm32l4xx_hal_cortex.o
 .text.NVIC_EncodePriority
                0x0000000008004d40       0x66 Drivers/STM32L4xx_HAL_Driver/stm32l4xx_hal_cortex.o
 *fill*         0x0000000008004da6        0x2 
 .text.SysTick_Config
                0x0000000008004da8       0x44 Drivers/STM32L4xx_HAL_Driver/stm32l4xx_hal_cortex.o
 .text.HAL_NVIC_SetPriorityGrouping
                0x0000000008004dec       0x16 Drivers/STM32L4xx_HAL_Driver/stm32l4xx_hal_cortex.o
                0x0000000008004dec                HAL_NVIC_SetPriorityGrouping
 .text.HAL_NVIC_SetPriority
                0x0000000008004e02       0x38 Drivers/STM32L4xx_HAL_Driver/stm32l4xx_hal_cortex.o
                0x0000000008004e02                HAL_NVIC_SetPriority
 .text.HAL_NVIC_EnableIRQ
                0x0000000008004e3a       0x1c Drivers/STM32L4xx_HAL_Driver/stm32l4xx_hal_cortex.o
                0x0000000008004e3a                HAL_NVIC_EnableIRQ
 .text.HAL_SYSTICK_Config
                0x0000000008004e56       0x18 Drivers/STM32L4xx_HAL_Driver/stm32l4xx_hal_cortex.o
                0x0000000008004e56                HAL_SYSTICK_Config
 *fill*         0x0000000008004e6e        0x2 
 .text.HAL_DMA_Init
                0x0000000008004e70      0x170 Drivers/STM32L4xx_HAL_Driver/stm32l4xx_hal_dma.o
                0x0000000008004e70                HAL_DMA_Init
 .text.HAL_DMA_Start_IT
                0x0000000008004fe0       0xc0 Drivers/STM32L4xx_HAL_Driver/stm32l4xx_hal_dma.o
                0x0000000008004fe0                HAL_DMA_Start_IT
 .text.HAL_DMA_IRQHandler
                0x00000000080050a0      0x15e Drivers/STM32L4xx_HAL_Driver/stm32l4xx_hal_dma.o
                0x00000000080050a0                HAL_DMA_IRQHandler
 .text.HAL_DMA_GetState
                0x00000000080051fe       0x1c Drivers/STM32L4xx_HAL_Driver/stm32l4xx_hal_dma.o
                0x00000000080051fe                HAL_DMA_GetState
 .text.DMA_SetConfig
                0x000000000800521a       0x60 Drivers/STM32L4xx_HAL_Driver/stm32l4xx_hal_dma.o
 *fill*         0x000000000800527a        0x2 
 .text.HAL_GPIO_Init
                0x000000000800527c      0x2d4 Drivers/STM32L4xx_HAL_Driver/stm32l4xx_hal_gpio.o
                0x000000000800527c                HAL_GPIO_Init
 .text.HAL_GPIO_WritePin
                0x0000000008005550       0x30 Drivers/STM32L4xx_HAL_Driver/stm32l4xx_hal_gpio.o
                0x0000000008005550                HAL_GPIO_WritePin
 .text.HAL_PWREx_GetVoltageRange
                0x0000000008005580       0x1c Drivers/STM32L4xx_HAL_Driver/stm32l4xx_hal_pwr_ex.o
                0x0000000008005580                HAL_PWREx_GetVoltageRange
 .text.HAL_PWREx_ControlVoltageScaling
                0x000000000800559c       0xac Drivers/STM32L4xx_HAL_Driver/stm32l4xx_hal_pwr_ex.o
                0x000000000800559c                HAL_PWREx_ControlVoltageScaling
 .text.HAL_RCC_OscConfig
                0x0000000008005648      0x840 Drivers/STM32L4xx_HAL_Driver/stm32l4xx_hal_rcc.o
                0x0000000008005648                HAL_RCC_OscConfig
 .text.HAL_RCC_ClockConfig
                0x0000000008005e88      0x1c4 Drivers/STM32L4xx_HAL_Driver/stm32l4xx_hal_rcc.o
                0x0000000008005e88                HAL_RCC_ClockConfig
 .text.HAL_RCC_GetSysClockFreq
                0x000000000800604c      0x118 Drivers/STM32L4xx_HAL_Driver/stm32l4xx_hal_rcc.o
                0x000000000800604c                HAL_RCC_GetSysClockFreq
 .text.HAL_RCC_GetHCLKFreq
                0x0000000008006164       0x18 Drivers/STM32L4xx_HAL_Driver/stm32l4xx_hal_rcc.o
                0x0000000008006164                HAL_RCC_GetHCLKFreq
 .text.HAL_RCC_GetPCLK1Freq
                0x000000000800617c       0x2c Drivers/STM32L4xx_HAL_Driver/stm32l4xx_hal_rcc.o
                0x000000000800617c                HAL_RCC_GetPCLK1Freq
 .text.HAL_RCC_GetPCLK2Freq
                0x00000000080061a8       0x2c Drivers/STM32L4xx_HAL_Driver/stm32l4xx_hal_rcc.o
                0x00000000080061a8                HAL_RCC_GetPCLK2Freq
 .text.RCC_SetFlashLatencyFromMSIRange
                0x00000000080061d4       0xc0 Drivers/STM32L4xx_HAL_Driver/stm32l4xx_hal_rcc.o
 .text.HAL_RCCEx_PeriphCLKConfig
                0x0000000008006294      0x3e8 Drivers/STM32L4xx_HAL_Driver/stm32l4xx_hal_rcc_ex.o
                0x0000000008006294                HAL_RCCEx_PeriphCLKConfig
 .text.RCCEx_PLLSAI1_Config
                0x000000000800667c      0x1e4 Drivers/STM32L4xx_HAL_Driver/stm32l4xx_hal_rcc_ex.o
 .text.HAL_RNG_Init
                0x0000000008006860       0xa0 Drivers/STM32L4xx_HAL_Driver/stm32l4xx_hal_rng.o
                0x0000000008006860                HAL_RNG_Init
 .text.HAL_TIM_Base_Init
                0x0000000008006900       0xae Drivers/STM32L4xx_HAL_Driver/stm32l4xx_hal_tim.o
                0x0000000008006900                HAL_TIM_Base_Init
 *fill*         0x00000000080069ae        0x2 
 .text.HAL_TIM_Base_Start
                0x00000000080069b0       0x98 Drivers/STM32L4xx_HAL_Driver/stm32l4xx_hal_tim.o
                0x00000000080069b0                HAL_TIM_Base_Start
 .text.HAL_TIM_Base_Stop
                0x0000000008006a48       0x4e Drivers/STM32L4xx_HAL_Driver/stm32l4xx_hal_tim.o
                0x0000000008006a48                HAL_TIM_Base_Stop
 .text.HAL_TIM_PWM_Init
                0x0000000008006a96       0xae Drivers/STM32L4xx_HAL_Driver/stm32l4xx_hal_tim.o
                0x0000000008006a96                HAL_TIM_PWM_Init
 .text.HAL_TIM_PWM_MspInit
                0x0000000008006b44       0x14 Drivers/STM32L4xx_HAL_Driver/stm32l4xx_hal_tim.o
                0x0000000008006b44                HAL_TIM_PWM_MspInit
 .text.HAL_TIM_PWM_Start_DMA
                0x0000000008006b58      0x3e0 Drivers/STM32L4xx_HAL_Driver/stm32l4xx_hal_tim.o
                0x0000000008006b58                HAL_TIM_PWM_Start_DMA
 .text.HAL_TIM_IRQHandler
                0x0000000008006f38      0x23e Drivers/STM32L4xx_HAL_Driver/stm32l4xx_hal_tim.o
                0x0000000008006f38                HAL_TIM_IRQHandler
 *fill*         0x0000000008007176        0x2 
 .text.HAL_TIM_PWM_ConfigChannel
                0x0000000008007178      0x220 Drivers/STM32L4xx_HAL_Driver/stm32l4xx_hal_tim.o
                0x0000000008007178                HAL_TIM_PWM_ConfigChannel
 .text.HAL_TIM_ConfigClockSource
                0x0000000008007398      0x18c Drivers/STM32L4xx_HAL_Driver/stm32l4xx_hal_tim.o
                0x0000000008007398                HAL_TIM_ConfigClockSource
 .text.HAL_TIM_PeriodElapsedCallback
                0x0000000008007524       0x14 Drivers/STM32L4xx_HAL_Driver/stm32l4xx_hal_tim.o
                0x0000000008007524                HAL_TIM_PeriodElapsedCallback
 .text.HAL_TIM_OC_DelayElapsedCallback
                0x0000000008007538       0x14 Drivers/STM32L4xx_HAL_Driver/stm32l4xx_hal_tim.o
                0x0000000008007538                HAL_TIM_OC_DelayElapsedCallback
 .text.HAL_TIM_IC_CaptureCallback
                0x000000000800754c       0x14 Drivers/STM32L4xx_HAL_Driver/stm32l4xx_hal_tim.o
                0x000000000800754c                HAL_TIM_IC_CaptureCallback
 .text.HAL_TIM_PWM_PulseFinishedCallback
                0x0000000008007560       0x14 Drivers/STM32L4xx_HAL_Driver/stm32l4xx_hal_tim.o
                0x0000000008007560                HAL_TIM_PWM_PulseFinishedCallback
 .text.HAL_TIM_PWM_PulseFinishedHalfCpltCallback
                0x0000000008007574       0x14 Drivers/STM32L4xx_HAL_Driver/stm32l4xx_hal_tim.o
                0x0000000008007574                HAL_TIM_PWM_PulseFinishedHalfCpltCallback
 .text.HAL_TIM_TriggerCallback
                0x0000000008007588       0x14 Drivers/STM32L4xx_HAL_Driver/stm32l4xx_hal_tim.o
                0x0000000008007588                HAL_TIM_TriggerCallback
 .text.HAL_TIM_ErrorCallback
                0x000000000800759c       0x14 Drivers/STM32L4xx_HAL_Driver/stm32l4xx_hal_tim.o
                0x000000000800759c                HAL_TIM_ErrorCallback
 .text.TIM_DMAError
                0x00000000080075b0       0x92 Drivers/STM32L4xx_HAL_Driver/stm32l4xx_hal_tim.o
                0x00000000080075b0                TIM_DMAError
 .text.TIM_DMADelayPulseCplt
                0x0000000008007642       0xa8 Drivers/STM32L4xx_HAL_Driver/stm32l4xx_hal_tim.o
 .text.TIM_DMADelayPulseHalfCplt
                0x00000000080076ea       0x68 Drivers/STM32L4xx_HAL_Driver/stm32l4xx_hal_tim.o
                0x00000000080076ea                TIM_DMADelayPulseHalfCplt
 *fill*         0x0000000008007752        0x2 
 .text.TIM_Base_SetConfig
                0x0000000008007754       0xc8 Drivers/STM32L4xx_HAL_Driver/stm32l4xx_hal_tim.o
                0x0000000008007754                TIM_Base_SetConfig
 .text.TIM_OC1_SetConfig
                0x000000000800781c       0xf8 Drivers/STM32L4xx_HAL_Driver/stm32l4xx_hal_tim.o
 .text.TIM_OC2_SetConfig
                0x0000000008007914       0xf4 Drivers/STM32L4xx_HAL_Driver/stm32l4xx_hal_tim.o
                0x0000000008007914                TIM_OC2_SetConfig
 .text.TIM_OC3_SetConfig
                0x0000000008007a08       0xf0 Drivers/STM32L4xx_HAL_Driver/stm32l4xx_hal_tim.o
 .text.TIM_OC4_SetConfig
                0x0000000008007af8       0xbc Drivers/STM32L4xx_HAL_Driver/stm32l4xx_hal_tim.o
 .text.TIM_OC5_SetConfig
                0x0000000008007bb4       0xb0 Drivers/STM32L4xx_HAL_Driver/stm32l4xx_hal_tim.o
 .text.TIM_OC6_SetConfig
                0x0000000008007c64       0xb4 Drivers/STM32L4xx_HAL_Driver/stm32l4xx_hal_tim.o
 .text.TIM_TI1_ConfigInputStage
                0x0000000008007d18       0x5e Drivers/STM32L4xx_HAL_Driver/stm32l4xx_hal_tim.o
 .text.TIM_TI2_ConfigInputStage
                0x0000000008007d76       0x60 Drivers/STM32L4xx_HAL_Driver/stm32l4xx_hal_tim.o
 .text.TIM_ITRx_SetConfig
                0x0000000008007dd6       0x36 Drivers/STM32L4xx_HAL_Driver/stm32l4xx_hal_tim.o
 .text.TIM_ETR_SetConfig
                0x0000000008007e0c       0x40 Drivers/STM32L4xx_HAL_Driver/stm32l4xx_hal_tim.o
                0x0000000008007e0c                TIM_ETR_SetConfig
 .text.TIM_CCxChannelCmd
                0x0000000008007e4c       0x4a Drivers/STM32L4xx_HAL_Driver/stm32l4xx_hal_tim.o
                0x0000000008007e4c                TIM_CCxChannelCmd
 *fill*         0x0000000008007e96        0x2 
 .text.HAL_TIMEx_MasterConfigSynchronization
                0x0000000008007e98       0xcc Drivers/STM32L4xx_HAL_Driver/stm32l4xx_hal_tim_ex.o
                0x0000000008007e98                HAL_TIMEx_MasterConfigSynchronization
 .text.HAL_TIMEx_ConfigBreakDeadTime
                0x0000000008007f64       0xf0 Drivers/STM32L4xx_HAL_Driver/stm32l4xx_hal_tim_ex.o
                0x0000000008007f64                HAL_TIMEx_ConfigBreakDeadTime
 .text.HAL_TIMEx_CommutCallback
                0x0000000008008054       0x14 Drivers/STM32L4xx_HAL_Driver/stm32l4xx_hal_tim_ex.o
                0x0000000008008054                HAL_TIMEx_CommutCallback
 .text.HAL_TIMEx_BreakCallback
                0x0000000008008068       0x14 Drivers/STM32L4xx_HAL_Driver/stm32l4xx_hal_tim_ex.o
                0x0000000008008068                HAL_TIMEx_BreakCallback
 .text.HAL_TIMEx_Break2Callback
                0x000000000800807c       0x14 Drivers/STM32L4xx_HAL_Driver/stm32l4xx_hal_tim_ex.o
                0x000000000800807c                HAL_TIMEx_Break2Callback
 .text.HAL_UART_Init
                0x0000000008008090       0x9c Drivers/STM32L4xx_HAL_Driver/stm32l4xx_hal_uart.o
                0x0000000008008090                HAL_UART_Init
 .text.UART_SetConfig
                0x000000000800812c      0x418 Drivers/STM32L4xx_HAL_Driver/stm32l4xx_hal_uart.o
                0x000000000800812c                UART_SetConfig
 .text.UART_AdvFeatureConfig
                0x0000000008008544      0x144 Drivers/STM32L4xx_HAL_Driver/stm32l4xx_hal_uart.o
                0x0000000008008544                UART_AdvFeatureConfig
 .text.UART_CheckIdleState
                0x0000000008008688       0x92 Drivers/STM32L4xx_HAL_Driver/stm32l4xx_hal_uart.o
                0x0000000008008688                UART_CheckIdleState
 .text.UART_WaitOnFlagUntilTimeout
                0x000000000800871a       0xf8 Drivers/STM32L4xx_HAL_Driver/stm32l4xx_hal_uart.o
                0x000000000800871a                UART_WaitOnFlagUntilTimeout
 *fill*         0x0000000008008812        0x2 
 .text.arm_mean_q15
                0x0000000008008814       0x60 ../libs\libarm_cortexM4lf_math.a(arm_mean_q15.o)
                0x0000000008008814                arm_mean_q15
 .text.arm_max_f32
                0x0000000008008874       0xd8 ../libs\libarm_cortexM4lf_math.a(arm_max_f32.o)
                0x0000000008008874                arm_max_f32
 .text.arm_rfft_512_fast_init_f32
                0x000000000800894c       0x3c ../libs\libarm_cortexM4lf_math.a(arm_rfft_fast_init_f32.o)
                0x000000000800894c                arm_rfft_512_fast_init_f32
 .text.stage_rfft_f32
                0x0000000008008988       0xb4 ../libs\libarm_cortexM4lf_math.a(arm_rfft_fast_f32.o)
                0x0000000008008988                stage_rfft_f32
 .text.merge_rfft_f32
                0x0000000008008a3c       0xac ../libs\libarm_cortexM4lf_math.a(arm_rfft_fast_f32.o)
                0x0000000008008a3c                merge_rfft_f32
 .text.arm_rfft_fast_f32
                0x0000000008008ae8       0x40 ../libs\libarm_cortexM4lf_math.a(arm_rfft_fast_f32.o)
                0x0000000008008ae8                arm_rfft_fast_f32
 .text.arm_cfft_radix8by2_f32
                0x0000000008008b28      0x1a0 ../libs\libarm_cortexM4lf_math.a(arm_cfft_f32.o)
                0x0000000008008b28                arm_cfft_radix8by2_f32
 .text.arm_cfft_radix8by4_f32
                0x0000000008008cc8      0x4ac ../libs\libarm_cortexM4lf_math.a(arm_cfft_f32.o)
                0x0000000008008cc8                arm_cfft_radix8by4_f32
 .text.arm_cfft_f32
                0x0000000008009174       0xf0 ../libs\libarm_cortexM4lf_math.a(arm_cfft_f32.o)
                0x0000000008009174                arm_cfft_f32
 .text.arm_bitreversal_32
                0x0000000008009264       0x40 ../libs\libarm_cortexM4lf_math.a(arm_bitreversal2.o)
                0x0000000008009264                arm_bitreversal_32
 .text.arm_cmplx_mag_f32
                0x00000000080092a4      0x248 ../libs\libarm_cortexM4lf_math.a(arm_cmplx_mag_f32.o)
                0x00000000080092a4                arm_cmplx_mag_f32
 .text.arm_sin_f32
                0x00000000080094ec       0x8c ../libs\libarm_cortexM4lf_math.a(arm_sin_f32.o)
                0x00000000080094ec                arm_sin_f32
 .text.arm_mult_f32
                0x0000000008009578       0xb4 ../libs\libarm_cortexM4lf_math.a(arm_mult_f32.o)
                0x0000000008009578                arm_mult_f32
 .text.arm_radix8_butterfly_f32
                0x000000000800962c      0x580 ../libs\libarm_cortexM4lf_math.a(arm_cfft_radix8_f32.o)
                0x000000000800962c                arm_radix8_butterfly_f32
 .text.roundf   0x0000000008009bac       0x4c c:/st/stm32cubeide_1.4.0/stm32cubeide/plugins/com.st.stm32cube.ide.mcu.externaltools.gnu-tools-for-stm32.9-2020-q2-update.win32_1.5.0.202011040924/tools/bin/../lib/gcc/arm-none-eabi/9.3.1/../../../../arm-none-eabi/lib/thumb/v7e-m+fp/hard\libm.a(lib_a-sf_round.o)
                0x0000000008009bac                roundf
 .text.log10f   0x0000000008009bf8       0x6c c:/st/stm32cubeide_1.4.0/stm32cubeide/plugins/com.st.stm32cube.ide.mcu.externaltools.gnu-tools-for-stm32.9-2020-q2-update.win32_1.5.0.202011040924/tools/bin/../lib/gcc/arm-none-eabi/9.3.1/../../../../arm-none-eabi/lib/thumb/v7e-m+fp/hard\libm.a(lib_a-wf_log10.o)
                0x0000000008009bf8                log10f
 .text.sqrtf    0x0000000008009c64       0x4c c:/st/stm32cubeide_1.4.0/stm32cubeide/plugins/com.st.stm32cube.ide.mcu.externaltools.gnu-tools-for-stm32.9-2020-q2-update.win32_1.5.0.202011040924/tools/bin/../lib/gcc/arm-none-eabi/9.3.1/../../../../arm-none-eabi/lib/thumb/v7e-m+fp/hard\libm.a(lib_a-wf_sqrt.o)
                0x0000000008009c64                sqrtf
 .text.__ieee754_log10f
                0x0000000008009cb0       0xb0 c:/st/stm32cubeide_1.4.0/stm32cubeide/plugins/com.st.stm32cube.ide.mcu.externaltools.gnu-tools-for-stm32.9-2020-q2-update.win32_1.5.0.202011040924/tools/bin/../lib/gcc/arm-none-eabi/9.3.1/../../../../arm-none-eabi/lib/thumb/v7e-m+fp/hard\libm.a(lib_a-ef_log10.o)
                0x0000000008009cb0                __ieee754_log10f
 .text.__ieee754_sqrtf
                0x0000000008009d60        0x6 c:/st/stm32cubeide_1.4.0/stm32cubeide/plugins/com.st.stm32cube.ide.mcu.externaltools.gnu-tools-for-stm32.9-2020-q2-update.win32_1.5.0.202011040924/tools/bin/../lib/gcc/arm-none-eabi/9.3.1/../../../../arm-none-eabi/lib/thumb/v7e-m+fp/hard\libm.a(lib_a-ef_sqrt.o)
                0x0000000008009d60                __ieee754_sqrtf
 *fill*         0x0000000008009d66        0x2 
 .text.nanf     0x0000000008009d68        0xc c:/st/stm32cubeide_1.4.0/stm32cubeide/plugins/com.st.stm32cube.ide.mcu.externaltools.gnu-tools-for-stm32.9-2020-q2-update.win32_1.5.0.202011040924/tools/bin/../lib/gcc/arm-none-eabi/9.3.1/../../../../arm-none-eabi/lib/thumb/v7e-m+fp/hard\libm.a(lib_a-sf_nan.o)
                0x0000000008009d68                nanf
 .text.__ieee754_logf
                0x0000000008009d74      0x1e0 c:/st/stm32cubeide_1.4.0/stm32cubeide/plugins/com.st.stm32cube.ide.mcu.externaltools.gnu-tools-for-stm32.9-2020-q2-update.win32_1.5.0.202011040924/tools/bin/../lib/gcc/arm-none-eabi/9.3.1/../../../../arm-none-eabi/lib/thumb/v7e-m+fp/hard\libm.a(lib_a-ef_log.o)
                0x0000000008009d74                __ieee754_logf
 .text.__errno  0x0000000008009f54        0xc c:/st/stm32cubeide_1.4.0/stm32cubeide/plugins/com.st.stm32cube.ide.mcu.externaltools.gnu-tools-for-stm32.9-2020-q2-update.win32_1.5.0.202011040924/tools/bin/../lib/gcc/arm-none-eabi/9.3.1/../../../../arm-none-eabi/lib/thumb/v7e-m+fp/hard\libc_nano.a(lib_a-errno.o)
                0x0000000008009f54                __errno
 .text.__libc_init_array
                0x0000000008009f60       0x48 c:/st/stm32cubeide_1.4.0/stm32cubeide/plugins/com.st.stm32cube.ide.mcu.externaltools.gnu-tools-for-stm32.9-2020-q2-update.win32_1.5.0.202011040924/tools/bin/../lib/gcc/arm-none-eabi/9.3.1/../../../../arm-none-eabi/lib/thumb/v7e-m+fp/hard\libc_nano.a(lib_a-init.o)
                0x0000000008009f60                __libc_init_array
 .text.memcpy   0x0000000008009fa8       0x1c c:/st/stm32cubeide_1.4.0/stm32cubeide/plugins/com.st.stm32cube.ide.mcu.externaltools.gnu-tools-for-stm32.9-2020-q2-update.win32_1.5.0.202011040924/tools/bin/../lib/gcc/arm-none-eabi/9.3.1/../../../../arm-none-eabi/lib/thumb/v7e-m+fp/hard\libc_nano.a(lib_a-memcpy-stub.o)
                0x0000000008009fa8                memcpy
 .text.memset   0x0000000008009fc4       0x10 c:/st/stm32cubeide_1.4.0/stm32cubeide/plugins/com.st.stm32cube.ide.mcu.externaltools.gnu-tools-for-stm32.9-2020-q2-update.win32_1.5.0.202011040924/tools/bin/../lib/gcc/arm-none-eabi/9.3.1/../../../../arm-none-eabi/lib/thumb/v7e-m+fp/hard\libc_nano.a(lib_a-memset.o)
                0x0000000008009fc4                memset
 .text.__cvt    0x0000000008009fd4       0xc4 c:/st/stm32cubeide_1.4.0/stm32cubeide/plugins/com.st.stm32cube.ide.mcu.externaltools.gnu-tools-for-stm32.9-2020-q2-update.win32_1.5.0.202011040924/tools/bin/../lib/gcc/arm-none-eabi/9.3.1/../../../../arm-none-eabi/lib/thumb/v7e-m+fp/hard\libc_nano.a(lib_a-nano-vfprintf_float.o)
                0x0000000008009fd4                __cvt
 .text.__exponent
                0x000000000800a098       0x7c c:/st/stm32cubeide_1.4.0/stm32cubeide/plugins/com.st.stm32cube.ide.mcu.externaltools.gnu-tools-for-stm32.9-2020-q2-update.win32_1.5.0.202011040924/tools/bin/../lib/gcc/arm-none-eabi/9.3.1/../../../../arm-none-eabi/lib/thumb/v7e-m+fp/hard\libc_nano.a(lib_a-nano-vfprintf_float.o)
                0x000000000800a098                __exponent
 .text._printf_float
                0x000000000800a114      0x46c c:/st/stm32cubeide_1.4.0/stm32cubeide/plugins/com.st.stm32cube.ide.mcu.externaltools.gnu-tools-for-stm32.9-2020-q2-update.win32_1.5.0.202011040924/tools/bin/../lib/gcc/arm-none-eabi/9.3.1/../../../../arm-none-eabi/lib/thumb/v7e-m+fp/hard\libc_nano.a(lib_a-nano-vfprintf_float.o)
                0x000000000800a114                _printf_float
 .text._printf_common
                0x000000000800a580       0xda c:/st/stm32cubeide_1.4.0/stm32cubeide/plugins/com.st.stm32cube.ide.mcu.externaltools.gnu-tools-for-stm32.9-2020-q2-update.win32_1.5.0.202011040924/tools/bin/../lib/gcc/arm-none-eabi/9.3.1/../../../../arm-none-eabi/lib/thumb/v7e-m+fp/hard\libc_nano.a(lib_a-nano-vfprintf_i.o)
                0x000000000800a580                _printf_common
 *fill*         0x000000000800a65a        0x2 
 .text._printf_i
                0x000000000800a65c      0x24c c:/st/stm32cubeide_1.4.0/stm32cubeide/plugins/com.st.stm32cube.ide.mcu.externaltools.gnu-tools-for-stm32.9-2020-q2-update.win32_1.5.0.202011040924/tools/bin/../lib/gcc/arm-none-eabi/9.3.1/../../../../arm-none-eabi/lib/thumb/v7e-m+fp/hard\libc_nano.a(lib_a-nano-vfprintf_i.o)
                0x000000000800a65c                _printf_i
 .text.printf   0x000000000800a8a8       0x30 c:/st/stm32cubeide_1.4.0/stm32cubeide/plugins/com.st.stm32cube.ide.mcu.externaltools.gnu-tools-for-stm32.9-2020-q2-update.win32_1.5.0.202011040924/tools/bin/../lib/gcc/arm-none-eabi/9.3.1/../../../../arm-none-eabi/lib/thumb/v7e-m+fp/hard\libc_nano.a(lib_a-printf.o)
                0x000000000800a8a8                iprintf
                0x000000000800a8a8                printf
 .text.setvbuf  0x000000000800a8d8      0x18c c:/st/stm32cubeide_1.4.0/stm32cubeide/plugins/com.st.stm32cube.ide.mcu.externaltools.gnu-tools-for-stm32.9-2020-q2-update.win32_1.5.0.202011040924/tools/bin/../lib/gcc/arm-none-eabi/9.3.1/../../../../arm-none-eabi/lib/thumb/v7e-m+fp/hard\libc_nano.a(lib_a-setvbuf.o)
                0x000000000800a8d8                setvbuf
 .text.quorem   0x000000000800aa64      0x116 c:/st/stm32cubeide_1.4.0/stm32cubeide/plugins/com.st.stm32cube.ide.mcu.externaltools.gnu-tools-for-stm32.9-2020-q2-update.win32_1.5.0.202011040924/tools/bin/../lib/gcc/arm-none-eabi/9.3.1/../../../../arm-none-eabi/lib/thumb/v7e-m+fp/hard\libc_nano.a(lib_a-dtoa.o)
 *fill*         0x000000000800ab7a        0x6 
 .text._dtoa_r  0x000000000800ab80      0xbd8 c:/st/stm32cubeide_1.4.0/stm32cubeide/plugins/com.st.stm32cube.ide.mcu.externaltools.gnu-tools-for-stm32.9-2020-q2-update.win32_1.5.0.202011040924/tools/bin/../lib/gcc/arm-none-eabi/9.3.1/../../../../arm-none-eabi/lib/thumb/v7e-m+fp/hard\libc_nano.a(lib_a-dtoa.o)
                0x000000000800ab80                _dtoa_r
 .text.__sflush_r
                0x000000000800b758      0x10c c:/st/stm32cubeide_1.4.0/stm32cubeide/plugins/com.st.stm32cube.ide.mcu.externaltools.gnu-tools-for-stm32.9-2020-q2-update.win32_1.5.0.202011040924/tools/bin/../lib/gcc/arm-none-eabi/9.3.1/../../../../arm-none-eabi/lib/thumb/v7e-m+fp/hard\libc_nano.a(lib_a-fflush.o)
                0x000000000800b758                __sflush_r
 .text._fflush_r
                0x000000000800b864       0x78 c:/st/stm32cubeide_1.4.0/stm32cubeide/plugins/com.st.stm32cube.ide.mcu.externaltools.gnu-tools-for-stm32.9-2020-q2-update.win32_1.5.0.202011040924/tools/bin/../lib/gcc/arm-none-eabi/9.3.1/../../../../arm-none-eabi/lib/thumb/v7e-m+fp/hard\libc_nano.a(lib_a-fflush.o)
                0x000000000800b864                _fflush_r
 .text.std      0x000000000800b8dc       0x48 c:/st/stm32cubeide_1.4.0/stm32cubeide/plugins/com.st.stm32cube.ide.mcu.externaltools.gnu-tools-for-stm32.9-2020-q2-update.win32_1.5.0.202011040924/tools/bin/../lib/gcc/arm-none-eabi/9.3.1/../../../../arm-none-eabi/lib/thumb/v7e-m+fp/hard\libc_nano.a(lib_a-findfp.o)
 .text._cleanup_r
                0x000000000800b924        0xc c:/st/stm32cubeide_1.4.0/stm32cubeide/plugins/com.st.stm32cube.ide.mcu.externaltools.gnu-tools-for-stm32.9-2020-q2-update.win32_1.5.0.202011040924/tools/bin/../lib/gcc/arm-none-eabi/9.3.1/../../../../arm-none-eabi/lib/thumb/v7e-m+fp/hard\libc_nano.a(lib_a-findfp.o)
                0x000000000800b924                _cleanup_r
 .text.__sfmoreglue
                0x000000000800b930       0x2c c:/st/stm32cubeide_1.4.0/stm32cubeide/plugins/com.st.stm32cube.ide.mcu.externaltools.gnu-tools-for-stm32.9-2020-q2-update.win32_1.5.0.202011040924/tools/bin/../lib/gcc/arm-none-eabi/9.3.1/../../../../arm-none-eabi/lib/thumb/v7e-m+fp/hard\libc_nano.a(lib_a-findfp.o)
                0x000000000800b930                __sfmoreglue
 .text.__sfp_lock_acquire
                0x000000000800b95c        0xc c:/st/stm32cubeide_1.4.0/stm32cubeide/plugins/com.st.stm32cube.ide.mcu.externaltools.gnu-tools-for-stm32.9-2020-q2-update.win32_1.5.0.202011040924/tools/bin/../lib/gcc/arm-none-eabi/9.3.1/../../../../arm-none-eabi/lib/thumb/v7e-m+fp/hard\libc_nano.a(lib_a-findfp.o)
                0x000000000800b95c                __sfp_lock_acquire
 .text.__sfp_lock_release
                0x000000000800b968        0xc c:/st/stm32cubeide_1.4.0/stm32cubeide/plugins/com.st.stm32cube.ide.mcu.externaltools.gnu-tools-for-stm32.9-2020-q2-update.win32_1.5.0.202011040924/tools/bin/../lib/gcc/arm-none-eabi/9.3.1/../../../../arm-none-eabi/lib/thumb/v7e-m+fp/hard\libc_nano.a(lib_a-findfp.o)
                0x000000000800b968                __sfp_lock_release
 .text.__sinit_lock_acquire
                0x000000000800b974        0xc c:/st/stm32cubeide_1.4.0/stm32cubeide/plugins/com.st.stm32cube.ide.mcu.externaltools.gnu-tools-for-stm32.9-2020-q2-update.win32_1.5.0.202011040924/tools/bin/../lib/gcc/arm-none-eabi/9.3.1/../../../../arm-none-eabi/lib/thumb/v7e-m+fp/hard\libc_nano.a(lib_a-findfp.o)
                0x000000000800b974                __sinit_lock_acquire
 .text.__sinit_lock_release
                0x000000000800b980        0xc c:/st/stm32cubeide_1.4.0/stm32cubeide/plugins/com.st.stm32cube.ide.mcu.externaltools.gnu-tools-for-stm32.9-2020-q2-update.win32_1.5.0.202011040924/tools/bin/../lib/gcc/arm-none-eabi/9.3.1/../../../../arm-none-eabi/lib/thumb/v7e-m+fp/hard\libc_nano.a(lib_a-findfp.o)
                0x000000000800b980                __sinit_lock_release
 .text.__sinit  0x000000000800b98c       0x70 c:/st/stm32cubeide_1.4.0/stm32cubeide/plugins/com.st.stm32cube.ide.mcu.externaltools.gnu-tools-for-stm32.9-2020-q2-update.win32_1.5.0.202011040924/tools/bin/../lib/gcc/arm-none-eabi/9.3.1/../../../../arm-none-eabi/lib/thumb/v7e-m+fp/hard\libc_nano.a(lib_a-findfp.o)
                0x000000000800b98c                __sinit
 .text.__sfp    0x000000000800b9fc       0x8c c:/st/stm32cubeide_1.4.0/stm32cubeide/plugins/com.st.stm32cube.ide.mcu.externaltools.gnu-tools-for-stm32.9-2020-q2-update.win32_1.5.0.202011040924/tools/bin/../lib/gcc/arm-none-eabi/9.3.1/../../../../arm-none-eabi/lib/thumb/v7e-m+fp/hard\libc_nano.a(lib_a-findfp.o)
                0x000000000800b9fc                __sfp
 .text._fwalk_reent
                0x000000000800ba88       0x3e c:/st/stm32cubeide_1.4.0/stm32cubeide/plugins/com.st.stm32cube.ide.mcu.externaltools.gnu-tools-for-stm32.9-2020-q2-update.win32_1.5.0.202011040924/tools/bin/../lib/gcc/arm-none-eabi/9.3.1/../../../../arm-none-eabi/lib/thumb/v7e-m+fp/hard\libc_nano.a(lib_a-fwalk.o)
                0x000000000800ba88                _fwalk_reent
 *fill*         0x000000000800bac6        0x2 
 .text._localeconv_r
                0x000000000800bac8        0x8 c:/st/stm32cubeide_1.4.0/stm32cubeide/plugins/com.st.stm32cube.ide.mcu.externaltools.gnu-tools-for-stm32.9-2020-q2-update.win32_1.5.0.202011040924/tools/bin/../lib/gcc/arm-none-eabi/9.3.1/../../../../arm-none-eabi/lib/thumb/v7e-m+fp/hard\libc_nano.a(lib_a-localeconv.o)
                0x000000000800bac8                _localeconv_r
 .text.__retarget_lock_init_recursive
                0x000000000800bad0        0x2 c:/st/stm32cubeide_1.4.0/stm32cubeide/plugins/com.st.stm32cube.ide.mcu.externaltools.gnu-tools-for-stm32.9-2020-q2-update.win32_1.5.0.202011040924/tools/bin/../lib/gcc/arm-none-eabi/9.3.1/../../../../arm-none-eabi/lib/thumb/v7e-m+fp/hard\libc_nano.a(lib_a-lock.o)
                0x000000000800bad0                __retarget_lock_init_recursive
 .text.__retarget_lock_acquire_recursive
                0x000000000800bad2        0x2 c:/st/stm32cubeide_1.4.0/stm32cubeide/plugins/com.st.stm32cube.ide.mcu.externaltools.gnu-tools-for-stm32.9-2020-q2-update.win32_1.5.0.202011040924/tools/bin/../lib/gcc/arm-none-eabi/9.3.1/../../../../arm-none-eabi/lib/thumb/v7e-m+fp/hard\libc_nano.a(lib_a-lock.o)
                0x000000000800bad2                __retarget_lock_acquire_recursive
 .text.__retarget_lock_release_recursive
                0x000000000800bad4        0x2 c:/st/stm32cubeide_1.4.0/stm32cubeide/plugins/com.st.stm32cube.ide.mcu.externaltools.gnu-tools-for-stm32.9-2020-q2-update.win32_1.5.0.202011040924/tools/bin/../lib/gcc/arm-none-eabi/9.3.1/../../../../arm-none-eabi/lib/thumb/v7e-m+fp/hard\libc_nano.a(lib_a-lock.o)
                0x000000000800bad4                __retarget_lock_release_recursive
 .text.__swhatbuf_r
                0x000000000800bad6       0x48 c:/st/stm32cubeide_1.4.0/stm32cubeide/plugins/com.st.stm32cube.ide.mcu.externaltools.gnu-tools-for-stm32.9-2020-q2-update.win32_1.5.0.202011040924/tools/bin/../lib/gcc/arm-none-eabi/9.3.1/../../../../arm-none-eabi/lib/thumb/v7e-m+fp/hard\libc_nano.a(lib_a-makebuf.o)
                0x000000000800bad6                __swhatbuf_r
 *fill*         0x000000000800bb1e        0x2 
 .text.__smakebuf_r
                0x000000000800bb20       0x80 c:/st/stm32cubeide_1.4.0/stm32cubeide/plugins/com.st.stm32cube.ide.mcu.externaltools.gnu-tools-for-stm32.9-2020-q2-update.win32_1.5.0.202011040924/tools/bin/../lib/gcc/arm-none-eabi/9.3.1/../../../../arm-none-eabi/lib/thumb/v7e-m+fp/hard\libc_nano.a(lib_a-makebuf.o)
                0x000000000800bb20                __smakebuf_r
 .text.malloc   0x000000000800bba0       0x10 c:/st/stm32cubeide_1.4.0/stm32cubeide/plugins/com.st.stm32cube.ide.mcu.externaltools.gnu-tools-for-stm32.9-2020-q2-update.win32_1.5.0.202011040924/tools/bin/../lib/gcc/arm-none-eabi/9.3.1/../../../../arm-none-eabi/lib/thumb/v7e-m+fp/hard\libc_nano.a(lib_a-malloc.o)
                0x000000000800bba0                malloc
 .text._Balloc  0x000000000800bbb0       0x80 c:/st/stm32cubeide_1.4.0/stm32cubeide/plugins/com.st.stm32cube.ide.mcu.externaltools.gnu-tools-for-stm32.9-2020-q2-update.win32_1.5.0.202011040924/tools/bin/../lib/gcc/arm-none-eabi/9.3.1/../../../../arm-none-eabi/lib/thumb/v7e-m+fp/hard\libc_nano.a(lib_a-mprec.o)
                0x000000000800bbb0                _Balloc
 .text._Bfree   0x000000000800bc30       0x44 c:/st/stm32cubeide_1.4.0/stm32cubeide/plugins/com.st.stm32cube.ide.mcu.externaltools.gnu-tools-for-stm32.9-2020-q2-update.win32_1.5.0.202011040924/tools/bin/../lib/gcc/arm-none-eabi/9.3.1/../../../../arm-none-eabi/lib/thumb/v7e-m+fp/hard\libc_nano.a(lib_a-mprec.o)
                0x000000000800bc30                _Bfree
 .text.__multadd
                0x000000000800bc74       0x94 c:/st/stm32cubeide_1.4.0/stm32cubeide/plugins/com.st.stm32cube.ide.mcu.externaltools.gnu-tools-for-stm32.9-2020-q2-update.win32_1.5.0.202011040924/tools/bin/../lib/gcc/arm-none-eabi/9.3.1/../../../../arm-none-eabi/lib/thumb/v7e-m+fp/hard\libc_nano.a(lib_a-mprec.o)
                0x000000000800bc74                __multadd
 .text.__hi0bits
                0x000000000800bd08       0x40 c:/st/stm32cubeide_1.4.0/stm32cubeide/plugins/com.st.stm32cube.ide.mcu.externaltools.gnu-tools-for-stm32.9-2020-q2-update.win32_1.5.0.202011040924/tools/bin/../lib/gcc/arm-none-eabi/9.3.1/../../../../arm-none-eabi/lib/thumb/v7e-m+fp/hard\libc_nano.a(lib_a-mprec.o)
                0x000000000800bd08                __hi0bits
 .text.__lo0bits
                0x000000000800bd48       0x60 c:/st/stm32cubeide_1.4.0/stm32cubeide/plugins/com.st.stm32cube.ide.mcu.externaltools.gnu-tools-for-stm32.9-2020-q2-update.win32_1.5.0.202011040924/tools/bin/../lib/gcc/arm-none-eabi/9.3.1/../../../../arm-none-eabi/lib/thumb/v7e-m+fp/hard\libc_nano.a(lib_a-mprec.o)
                0x000000000800bd48                __lo0bits
 .text.__i2b    0x000000000800bda8       0x2c c:/st/stm32cubeide_1.4.0/stm32cubeide/plugins/com.st.stm32cube.ide.mcu.externaltools.gnu-tools-for-stm32.9-2020-q2-update.win32_1.5.0.202011040924/tools/bin/../lib/gcc/arm-none-eabi/9.3.1/../../../../arm-none-eabi/lib/thumb/v7e-m+fp/hard\libc_nano.a(lib_a-mprec.o)
                0x000000000800bda8                __i2b
 .text.__multiply
                0x000000000800bdd4      0x14c c:/st/stm32cubeide_1.4.0/stm32cubeide/plugins/com.st.stm32cube.ide.mcu.externaltools.gnu-tools-for-stm32.9-2020-q2-update.win32_1.5.0.202011040924/tools/bin/../lib/gcc/arm-none-eabi/9.3.1/../../../../arm-none-eabi/lib/thumb/v7e-m+fp/hard\libc_nano.a(lib_a-mprec.o)
                0x000000000800bdd4                __multiply
 .text.__pow5mult
                0x000000000800bf20       0xb4 c:/st/stm32cubeide_1.4.0/stm32cubeide/plugins/com.st.stm32cube.ide.mcu.externaltools.gnu-tools-for-stm32.9-2020-q2-update.win32_1.5.0.202011040924/tools/bin/../lib/gcc/arm-none-eabi/9.3.1/../../../../arm-none-eabi/lib/thumb/v7e-m+fp/hard\libc_nano.a(lib_a-mprec.o)
                0x000000000800bf20                __pow5mult
 .text.__lshift
                0x000000000800bfd4       0xd8 c:/st/stm32cubeide_1.4.0/stm32cubeide/plugins/com.st.stm32cube.ide.mcu.externaltools.gnu-tools-for-stm32.9-2020-q2-update.win32_1.5.0.202011040924/tools/bin/../lib/gcc/arm-none-eabi/9.3.1/../../../../arm-none-eabi/lib/thumb/v7e-m+fp/hard\libc_nano.a(lib_a-mprec.o)
                0x000000000800bfd4                __lshift
 .text.__mcmp   0x000000000800c0ac       0x38 c:/st/stm32cubeide_1.4.0/stm32cubeide/plugins/com.st.stm32cube.ide.mcu.externaltools.gnu-tools-for-stm32.9-2020-q2-update.win32_1.5.0.202011040924/tools/bin/../lib/gcc/arm-none-eabi/9.3.1/../../../../arm-none-eabi/lib/thumb/v7e-m+fp/hard\libc_nano.a(lib_a-mprec.o)
                0x000000000800c0ac                __mcmp
 .text.__mdiff  0x000000000800c0e4      0x110 c:/st/stm32cubeide_1.4.0/stm32cubeide/plugins/com.st.stm32cube.ide.mcu.externaltools.gnu-tools-for-stm32.9-2020-q2-update.win32_1.5.0.202011040924/tools/bin/../lib/gcc/arm-none-eabi/9.3.1/../../../../arm-none-eabi/lib/thumb/v7e-m+fp/hard\libc_nano.a(lib_a-mprec.o)
                0x000000000800c0e4                __mdiff
 .text.__d2b    0x000000000800c1f4       0xb8 c:/st/stm32cubeide_1.4.0/stm32cubeide/plugins/com.st.stm32cube.ide.mcu.externaltools.gnu-tools-for-stm32.9-2020-q2-update.win32_1.5.0.202011040924/tools/bin/../lib/gcc/arm-none-eabi/9.3.1/../../../../arm-none-eabi/lib/thumb/v7e-m+fp/hard\libc_nano.a(lib_a-mprec.o)
                0x000000000800c1f4                __d2b
 .text._calloc_r
                0x000000000800c2ac       0x1e c:/st/stm32cubeide_1.4.0/stm32cubeide/plugins/com.st.stm32cube.ide.mcu.externaltools.gnu-tools-for-stm32.9-2020-q2-update.win32_1.5.0.202011040924/tools/bin/../lib/gcc/arm-none-eabi/9.3.1/../../../../arm-none-eabi/lib/thumb/v7e-m+fp/hard\libc_nano.a(lib_a-nano-callocr.o)
                0x000000000800c2ac                _calloc_r
 *fill*         0x000000000800c2ca        0x2 
 .text._free_r  0x000000000800c2cc       0xa0 c:/st/stm32cubeide_1.4.0/stm32cubeide/plugins/com.st.stm32cube.ide.mcu.externaltools.gnu-tools-for-stm32.9-2020-q2-update.win32_1.5.0.202011040924/tools/bin/../lib/gcc/arm-none-eabi/9.3.1/../../../../arm-none-eabi/lib/thumb/v7e-m+fp/hard\libc_nano.a(lib_a-nano-freer.o)
                0x000000000800c2cc                _free_r
 .text._malloc_r
                0x000000000800c36c       0xb4 c:/st/stm32cubeide_1.4.0/stm32cubeide/plugins/com.st.stm32cube.ide.mcu.externaltools.gnu-tools-for-stm32.9-2020-q2-update.win32_1.5.0.202011040924/tools/bin/../lib/gcc/arm-none-eabi/9.3.1/../../../../arm-none-eabi/lib/thumb/v7e-m+fp/hard\libc_nano.a(lib_a-nano-mallocr.o)
                0x000000000800c36c                _malloc_r
 .text.__sfputc_r
                0x000000000800c420       0x2e c:/st/stm32cubeide_1.4.0/stm32cubeide/plugins/com.st.stm32cube.ide.mcu.externaltools.gnu-tools-for-stm32.9-2020-q2-update.win32_1.5.0.202011040924/tools/bin/../lib/gcc/arm-none-eabi/9.3.1/../../../../arm-none-eabi/lib/thumb/v7e-m+fp/hard\libc_nano.a(lib_a-nano-vfprintf.o)
 .text.__sfputs_r
                0x000000000800c44e       0x24 c:/st/stm32cubeide_1.4.0/stm32cubeide/plugins/com.st.stm32cube.ide.mcu.externaltools.gnu-tools-for-stm32.9-2020-q2-update.win32_1.5.0.202011040924/tools/bin/../lib/gcc/arm-none-eabi/9.3.1/../../../../arm-none-eabi/lib/thumb/v7e-m+fp/hard\libc_nano.a(lib_a-nano-vfprintf.o)
                0x000000000800c44e                __sfputs_r
 *fill*         0x000000000800c472        0x2 
 .text._vfprintf_r
                0x000000000800c474      0x260 c:/st/stm32cubeide_1.4.0/stm32cubeide/plugins/com.st.stm32cube.ide.mcu.externaltools.gnu-tools-for-stm32.9-2020-q2-update.win32_1.5.0.202011040924/tools/bin/../lib/gcc/arm-none-eabi/9.3.1/../../../../arm-none-eabi/lib/thumb/v7e-m+fp/hard\libc_nano.a(lib_a-nano-vfprintf.o)
                0x000000000800c474                _vfprintf_r
                0x000000000800c474                _vfiprintf_r
 .text._sbrk_r  0x000000000800c6d4       0x20 c:/st/stm32cubeide_1.4.0/stm32cubeide/plugins/com.st.stm32cube.ide.mcu.externaltools.gnu-tools-for-stm32.9-2020-q2-update.win32_1.5.0.202011040924/tools/bin/../lib/gcc/arm-none-eabi/9.3.1/../../../../arm-none-eabi/lib/thumb/v7e-m+fp/hard\libc_nano.a(lib_a-sbrkr.o)
                0x000000000800c6d4                _sbrk_r
 .text.__sread  0x000000000800c6f4       0x22 c:/st/stm32cubeide_1.4.0/stm32cubeide/plugins/com.st.stm32cube.ide.mcu.externaltools.gnu-tools-for-stm32.9-2020-q2-update.win32_1.5.0.202011040924/tools/bin/../lib/gcc/arm-none-eabi/9.3.1/../../../../arm-none-eabi/lib/thumb/v7e-m+fp/hard\libc_nano.a(lib_a-stdio.o)
                0x000000000800c6f4                __sread
 .text.__swrite
                0x000000000800c716       0x38 c:/st/stm32cubeide_1.4.0/stm32cubeide/plugins/com.st.stm32cube.ide.mcu.externaltools.gnu-tools-for-stm32.9-2020-q2-update.win32_1.5.0.202011040924/tools/bin/../lib/gcc/arm-none-eabi/9.3.1/../../../../arm-none-eabi/lib/thumb/v7e-m+fp/hard\libc_nano.a(lib_a-stdio.o)
                0x000000000800c716                __swrite
 .text.__sseek  0x000000000800c74e       0x24 c:/st/stm32cubeide_1.4.0/stm32cubeide/plugins/com.st.stm32cube.ide.mcu.externaltools.gnu-tools-for-stm32.9-2020-q2-update.win32_1.5.0.202011040924/tools/bin/../lib/gcc/arm-none-eabi/9.3.1/../../../../arm-none-eabi/lib/thumb/v7e-m+fp/hard\libc_nano.a(lib_a-stdio.o)
                0x000000000800c74e                __sseek
 .text.__sclose
                0x000000000800c772        0x8 c:/st/stm32cubeide_1.4.0/stm32cubeide/plugins/com.st.stm32cube.ide.mcu.externaltools.gnu-tools-for-stm32.9-2020-q2-update.win32_1.5.0.202011040924/tools/bin/../lib/gcc/arm-none-eabi/9.3.1/../../../../arm-none-eabi/lib/thumb/v7e-m+fp/hard\libc_nano.a(lib_a-stdio.o)
                0x000000000800c772                __sclose
 *fill*         0x000000000800c77a        0x2 
 .text.__swbuf_r
                0x000000000800c77c       0xa4 c:/st/stm32cubeide_1.4.0/stm32cubeide/plugins/com.st.stm32cube.ide.mcu.externaltools.gnu-tools-for-stm32.9-2020-q2-update.win32_1.5.0.202011040924/tools/bin/../lib/gcc/arm-none-eabi/9.3.1/../../../../arm-none-eabi/lib/thumb/v7e-m+fp/hard\libc_nano.a(lib_a-wbuf.o)
                0x000000000800c77c                __swbuf_r
 .text._write_r
                0x000000000800c820       0x24 c:/st/stm32cubeide_1.4.0/stm32cubeide/plugins/com.st.stm32cube.ide.mcu.externaltools.gnu-tools-for-stm32.9-2020-q2-update.win32_1.5.0.202011040924/tools/bin/../lib/gcc/arm-none-eabi/9.3.1/../../../../arm-none-eabi/lib/thumb/v7e-m+fp/hard\libc_nano.a(lib_a-writer.o)
                0x000000000800c820                _write_r
 .text.__swsetup_r
                0x000000000800c844       0xdc c:/st/stm32cubeide_1.4.0/stm32cubeide/plugins/com.st.stm32cube.ide.mcu.externaltools.gnu-tools-for-stm32.9-2020-q2-update.win32_1.5.0.202011040924/tools/bin/../lib/gcc/arm-none-eabi/9.3.1/../../../../arm-none-eabi/lib/thumb/v7e-m+fp/hard\libc_nano.a(lib_a-wsetup.o)
                0x000000000800c844                __swsetup_r
 .text.__assert_func
                0x000000000800c920       0x3c c:/st/stm32cubeide_1.4.0/stm32cubeide/plugins/com.st.stm32cube.ide.mcu.externaltools.gnu-tools-for-stm32.9-2020-q2-update.win32_1.5.0.202011040924/tools/bin/../lib/gcc/arm-none-eabi/9.3.1/../../../../arm-none-eabi/lib/thumb/v7e-m+fp/hard\libc_nano.a(lib_a-assert.o)
                0x000000000800c920                __assert_func
 .text._close_r
                0x000000000800c95c       0x20 c:/st/stm32cubeide_1.4.0/stm32cubeide/plugins/com.st.stm32cube.ide.mcu.externaltools.gnu-tools-for-stm32.9-2020-q2-update.win32_1.5.0.202011040924/tools/bin/../lib/gcc/arm-none-eabi/9.3.1/../../../../arm-none-eabi/lib/thumb/v7e-m+fp/hard\libc_nano.a(lib_a-closer.o)
                0x000000000800c95c                _close_r
 .text.fprintf  0x000000000800c97c       0x24 c:/st/stm32cubeide_1.4.0/stm32cubeide/plugins/com.st.stm32cube.ide.mcu.externaltools.gnu-tools-for-stm32.9-2020-q2-update.win32_1.5.0.202011040924/tools/bin/../lib/gcc/arm-none-eabi/9.3.1/../../../../arm-none-eabi/lib/thumb/v7e-m+fp/hard\libc_nano.a(lib_a-fprintf.o)
                0x000000000800c97c                fiprintf
                0x000000000800c97c                fprintf
 .text._fstat_r
                0x000000000800c9a0       0x24 c:/st/stm32cubeide_1.4.0/stm32cubeide/plugins/com.st.stm32cube.ide.mcu.externaltools.gnu-tools-for-stm32.9-2020-q2-update.win32_1.5.0.202011040924/tools/bin/../lib/gcc/arm-none-eabi/9.3.1/../../../../arm-none-eabi/lib/thumb/v7e-m+fp/hard\libc_nano.a(lib_a-fstatr.o)
                0x000000000800c9a0                _fstat_r
 .text._isatty_r
                0x000000000800c9c4       0x20 c:/st/stm32cubeide_1.4.0/stm32cubeide/plugins/com.st.stm32cube.ide.mcu.externaltools.gnu-tools-for-stm32.9-2020-q2-update.win32_1.5.0.202011040924/tools/bin/../lib/gcc/arm-none-eabi/9.3.1/../../../../arm-none-eabi/lib/thumb/v7e-m+fp/hard\libc_nano.a(lib_a-isattyr.o)
                0x000000000800c9c4                _isatty_r
 .text._lseek_r
                0x000000000800c9e4       0x24 c:/st/stm32cubeide_1.4.0/stm32cubeide/plugins/com.st.stm32cube.ide.mcu.externaltools.gnu-tools-for-stm32.9-2020-q2-update.win32_1.5.0.202011040924/tools/bin/../lib/gcc/arm-none-eabi/9.3.1/../../../../arm-none-eabi/lib/thumb/v7e-m+fp/hard\libc_nano.a(lib_a-lseekr.o)
                0x000000000800c9e4                _lseek_r
 .text.__ascii_mbtowc
                0x000000000800ca08       0x24 c:/st/stm32cubeide_1.4.0/stm32cubeide/plugins/com.st.stm32cube.ide.mcu.externaltools.gnu-tools-for-stm32.9-2020-q2-update.win32_1.5.0.202011040924/tools/bin/../lib/gcc/arm-none-eabi/9.3.1/../../../../arm-none-eabi/lib/thumb/v7e-m+fp/hard\libc_nano.a(lib_a-mbtowc_r.o)
                0x000000000800ca08                __ascii_mbtowc
 .text.__malloc_lock
                0x000000000800ca2c        0xc c:/st/stm32cubeide_1.4.0/stm32cubeide/plugins/com.st.stm32cube.ide.mcu.externaltools.gnu-tools-for-stm32.9-2020-q2-update.win32_1.5.0.202011040924/tools/bin/../lib/gcc/arm-none-eabi/9.3.1/../../../../arm-none-eabi/lib/thumb/v7e-m+fp/hard\libc_nano.a(lib_a-mlock.o)
                0x000000000800ca2c                __malloc_lock
 .text.__malloc_unlock
                0x000000000800ca38        0xc c:/st/stm32cubeide_1.4.0/stm32cubeide/plugins/com.st.stm32cube.ide.mcu.externaltools.gnu-tools-for-stm32.9-2020-q2-update.win32_1.5.0.202011040924/tools/bin/../lib/gcc/arm-none-eabi/9.3.1/../../../../arm-none-eabi/lib/thumb/v7e-m+fp/hard\libc_nano.a(lib_a-mlock.o)
                0x000000000800ca38                __malloc_unlock
 .text._read_r  0x000000000800ca44       0x24 c:/st/stm32cubeide_1.4.0/stm32cubeide/plugins/com.st.stm32cube.ide.mcu.externaltools.gnu-tools-for-stm32.9-2020-q2-update.win32_1.5.0.202011040924/tools/bin/../lib/gcc/arm-none-eabi/9.3.1/../../../../arm-none-eabi/lib/thumb/v7e-m+fp/hard\libc_nano.a(lib_a-readr.o)
                0x000000000800ca44                _read_r
 .text.__ascii_wctomb
                0x000000000800ca68       0x1a c:/st/stm32cubeide_1.4.0/stm32cubeide/plugins/com.st.stm32cube.ide.mcu.externaltools.gnu-tools-for-stm32.9-2020-q2-update.win32_1.5.0.202011040924/tools/bin/../lib/gcc/arm-none-eabi/9.3.1/../../../../arm-none-eabi/lib/thumb/v7e-m+fp/hard\libc_nano.a(lib_a-wctomb_r.o)
                0x000000000800ca68                __ascii_wctomb
 .text.abort    0x000000000800ca82        0xe c:/st/stm32cubeide_1.4.0/stm32cubeide/plugins/com.st.stm32cube.ide.mcu.externaltools.gnu-tools-for-stm32.9-2020-q2-update.win32_1.5.0.202011040924/tools/bin/../lib/gcc/arm-none-eabi/9.3.1/../../../../arm-none-eabi/lib/thumb/v7e-m+fp/hard\libc_nano.a(lib_a-abort.o)
                0x000000000800ca82                abort
 .text._raise_r
                0x000000000800ca90       0x50 c:/st/stm32cubeide_1.4.0/stm32cubeide/plugins/com.st.stm32cube.ide.mcu.externaltools.gnu-tools-for-stm32.9-2020-q2-update.win32_1.5.0.202011040924/tools/bin/../lib/gcc/arm-none-eabi/9.3.1/../../../../arm-none-eabi/lib/thumb/v7e-m+fp/hard\libc_nano.a(lib_a-signal.o)
                0x000000000800ca90                _raise_r
 .text.raise    0x000000000800cae0       0x10 c:/st/stm32cubeide_1.4.0/stm32cubeide/plugins/com.st.stm32cube.ide.mcu.externaltools.gnu-tools-for-stm32.9-2020-q2-update.win32_1.5.0.202011040924/tools/bin/../lib/gcc/arm-none-eabi/9.3.1/../../../../arm-none-eabi/lib/thumb/v7e-m+fp/hard\libc_nano.a(lib_a-signal.o)
                0x000000000800cae0                raise
 .text._kill_r  0x000000000800caf0       0x24 c:/st/stm32cubeide_1.4.0/stm32cubeide/plugins/com.st.stm32cube.ide.mcu.externaltools.gnu-tools-for-stm32.9-2020-q2-update.win32_1.5.0.202011040924/tools/bin/../lib/gcc/arm-none-eabi/9.3.1/../../../../arm-none-eabi/lib/thumb/v7e-m+fp/hard\libc_nano.a(lib_a-signalr.o)
                0x000000000800caf0                _kill_r
 .text._getpid_r
                0x000000000800cb14        0x4 c:/st/stm32cubeide_1.4.0/stm32cubeide/plugins/com.st.stm32cube.ide.mcu.externaltools.gnu-tools-for-stm32.9-2020-q2-update.win32_1.5.0.202011040924/tools/bin/../lib/gcc/arm-none-eabi/9.3.1/../../../../arm-none-eabi/lib/thumb/v7e-m+fp/hard\libc_nano.a(lib_a-signalr.o)
                0x000000000800cb14                _getpid_r
 *(.glue_7)
 .glue_7        0x000000000800cb18        0x0 linker stubs
 *(.glue_7t)
 .glue_7t       0x000000000800cb18        0x0 linker stubs
 *(.eh_frame)
 .eh_frame      0x000000000800cb18        0x0 c:/st/stm32cubeide_1.4.0/stm32cubeide/plugins/com.st.stm32cube.ide.mcu.externaltools.gnu-tools-for-stm32.9-2020-q2-update.win32_1.5.0.202011040924/tools/bin/../lib/gcc/arm-none-eabi/9.3.1/thumb/v7e-m+fp/hard/crtbegin.o
 *(.init)
 .init          0x000000000800cb18        0x4 c:/st/stm32cubeide_1.4.0/stm32cubeide/plugins/com.st.stm32cube.ide.mcu.externaltools.gnu-tools-for-stm32.9-2020-q2-update.win32_1.5.0.202011040924/tools/bin/../lib/gcc/arm-none-eabi/9.3.1/thumb/v7e-m+fp/hard/crti.o
                0x000000000800cb18                _init
 .init          0x000000000800cb1c        0x8 c:/st/stm32cubeide_1.4.0/stm32cubeide/plugins/com.st.stm32cube.ide.mcu.externaltools.gnu-tools-for-stm32.9-2020-q2-update.win32_1.5.0.202011040924/tools/bin/../lib/gcc/arm-none-eabi/9.3.1/thumb/v7e-m+fp/hard/crtn.o
 *(.fini)
 .fini          0x000000000800cb24        0x4 c:/st/stm32cubeide_1.4.0/stm32cubeide/plugins/com.st.stm32cube.ide.mcu.externaltools.gnu-tools-for-stm32.9-2020-q2-update.win32_1.5.0.202011040924/tools/bin/../lib/gcc/arm-none-eabi/9.3.1/thumb/v7e-m+fp/hard/crti.o
                0x000000000800cb24                _fini
 .fini          0x000000000800cb28        0x8 c:/st/stm32cubeide_1.4.0/stm32cubeide/plugins/com.st.stm32cube.ide.mcu.externaltools.gnu-tools-for-stm32.9-2020-q2-update.win32_1.5.0.202011040924/tools/bin/../lib/gcc/arm-none-eabi/9.3.1/thumb/v7e-m+fp/hard/crtn.o
                0x000000000800cb30                . = ALIGN (0x4)
                0x000000000800cb30                _etext = .

.vfp11_veneer   0x000000000800cb30        0x0
 .vfp11_veneer  0x000000000800cb30        0x0 linker stubs

.v4_bx          0x000000000800cb30        0x0
 .v4_bx         0x000000000800cb30        0x0 linker stubs

.iplt           0x000000000800cb30        0x0
 .iplt          0x000000000800cb30        0x0 c:/st/stm32cubeide_1.4.0/stm32cubeide/plugins/com.st.stm32cube.ide.mcu.externaltools.gnu-tools-for-stm32.9-2020-q2-update.win32_1.5.0.202011040924/tools/bin/../lib/gcc/arm-none-eabi/9.3.1/thumb/v7e-m+fp/hard/crtbegin.o

.rodata         0x000000000800cb30     0x2084
                0x000000000800cb30                . = ALIGN (0x4)
 *(.rodata)
 .rodata        0x000000000800cb30       0x4b Core/Src/Application.o
 *fill*         0x000000000800cb7b        0x1 
 .rodata        0x000000000800cb7c       0x9c Core/Src/animations.o
 *(.rodata*)
 .rodata.AHBPrescTable
                0x000000000800cc18       0x10 Core/Src/system_stm32l4xx.o
                0x000000000800cc18                AHBPrescTable
 .rodata.APBPrescTable
                0x000000000800cc28        0x8 Core/Src/system_stm32l4xx.o
                0x000000000800cc28                APBPrescTable
 .rodata.MSIRangeTable
                0x000000000800cc30       0x30 Core/Src/system_stm32l4xx.o
                0x000000000800cc30                MSIRangeTable
 .rodata.armBitRevIndexTable256
                0x000000000800cc60      0x370 ../libs\libarm_cortexM4lf_math.a(arm_common_tables.o)
                0x000000000800cc60                armBitRevIndexTable256
 .rodata.sinTable_f32
                0x000000000800cfd0      0x804 ../libs\libarm_cortexM4lf_math.a(arm_common_tables.o)
                0x000000000800cfd0                sinTable_f32
 .rodata.twiddleCoef_256
                0x000000000800d7d4      0x800 ../libs\libarm_cortexM4lf_math.a(arm_common_tables.o)
                0x000000000800d7d4                twiddleCoef_256
 .rodata.twiddleCoef_rfft_512
                0x000000000800dfd4      0x800 ../libs\libarm_cortexM4lf_math.a(arm_common_tables.o)
                0x000000000800dfd4                twiddleCoef_rfft_512
 .rodata.log10f.str1.1
                0x000000000800e7d4        0x0 c:/st/stm32cubeide_1.4.0/stm32cubeide/plugins/com.st.stm32cube.ide.mcu.externaltools.gnu-tools-for-stm32.9-2020-q2-update.win32_1.5.0.202011040924/tools/bin/../lib/gcc/arm-none-eabi/9.3.1/../../../../arm-none-eabi/lib/thumb/v7e-m+fp/hard\libm.a(lib_a-wf_log10.o)
                                          0x1 (size before relaxing)
 .rodata._global_impure_ptr
                0x000000000800e7d4        0x4 c:/st/stm32cubeide_1.4.0/stm32cubeide/plugins/com.st.stm32cube.ide.mcu.externaltools.gnu-tools-for-stm32.9-2020-q2-update.win32_1.5.0.202011040924/tools/bin/../lib/gcc/arm-none-eabi/9.3.1/../../../../arm-none-eabi/lib/thumb/v7e-m+fp/hard\libc_nano.a(lib_a-impure.o)
                0x000000000800e7d4                _global_impure_ptr
 .rodata._printf_float.str1.1
                0x000000000800e7d8       0x12 c:/st/stm32cubeide_1.4.0/stm32cubeide/plugins/com.st.stm32cube.ide.mcu.externaltools.gnu-tools-for-stm32.9-2020-q2-update.win32_1.5.0.202011040924/tools/bin/../lib/gcc/arm-none-eabi/9.3.1/../../../../arm-none-eabi/lib/thumb/v7e-m+fp/hard\libc_nano.a(lib_a-nano-vfprintf_float.o)
 .rodata._printf_i.str1.1
                0x000000000800e7ea       0x22 c:/st/stm32cubeide_1.4.0/stm32cubeide/plugins/com.st.stm32cube.ide.mcu.externaltools.gnu-tools-for-stm32.9-2020-q2-update.win32_1.5.0.202011040924/tools/bin/../lib/gcc/arm-none-eabi/9.3.1/../../../../arm-none-eabi/lib/thumb/v7e-m+fp/hard\libc_nano.a(lib_a-nano-vfprintf_i.o)
 .rodata._dtoa_r.str1.1
                0x000000000800e80c       0x94 c:/st/stm32cubeide_1.4.0/stm32cubeide/plugins/com.st.stm32cube.ide.mcu.externaltools.gnu-tools-for-stm32.9-2020-q2-update.win32_1.5.0.202011040924/tools/bin/../lib/gcc/arm-none-eabi/9.3.1/../../../../arm-none-eabi/lib/thumb/v7e-m+fp/hard\libc_nano.a(lib_a-dtoa.o)
                                         0x96 (size before relaxing)
 .rodata.__sf_fake_stderr
                0x000000000800e8a0       0x20 c:/st/stm32cubeide_1.4.0/stm32cubeide/plugins/com.st.stm32cube.ide.mcu.externaltools.gnu-tools-for-stm32.9-2020-q2-update.win32_1.5.0.202011040924/tools/bin/../lib/gcc/arm-none-eabi/9.3.1/../../../../arm-none-eabi/lib/thumb/v7e-m+fp/hard\libc_nano.a(lib_a-findfp.o)
                0x000000000800e8a0                __sf_fake_stderr
 .rodata.__sf_fake_stdin
                0x000000000800e8c0       0x20 c:/st/stm32cubeide_1.4.0/stm32cubeide/plugins/com.st.stm32cube.ide.mcu.externaltools.gnu-tools-for-stm32.9-2020-q2-update.win32_1.5.0.202011040924/tools/bin/../lib/gcc/arm-none-eabi/9.3.1/../../../../arm-none-eabi/lib/thumb/v7e-m+fp/hard\libc_nano.a(lib_a-findfp.o)
                0x000000000800e8c0                __sf_fake_stdin
 .rodata.__sf_fake_stdout
                0x000000000800e8e0       0x20 c:/st/stm32cubeide_1.4.0/stm32cubeide/plugins/com.st.stm32cube.ide.mcu.externaltools.gnu-tools-for-stm32.9-2020-q2-update.win32_1.5.0.202011040924/tools/bin/../lib/gcc/arm-none-eabi/9.3.1/../../../../arm-none-eabi/lib/thumb/v7e-m+fp/hard\libc_nano.a(lib_a-findfp.o)
                0x000000000800e8e0                __sf_fake_stdout
 .rodata._Balloc.str1.1
                0x000000000800e900       0x60 c:/st/stm32cubeide_1.4.0/stm32cubeide/plugins/com.st.stm32cube.ide.mcu.externaltools.gnu-tools-for-stm32.9-2020-q2-update.win32_1.5.0.202011040924/tools/bin/../lib/gcc/arm-none-eabi/9.3.1/../../../../arm-none-eabi/lib/thumb/v7e-m+fp/hard\libc_nano.a(lib_a-mprec.o)
                                         0x77 (size before relaxing)
 .rodata.__multadd.str1.1
                0x000000000800e960       0x11 c:/st/stm32cubeide_1.4.0/stm32cubeide/plugins/com.st.stm32cube.ide.mcu.externaltools.gnu-tools-for-stm32.9-2020-q2-update.win32_1.5.0.202011040924/tools/bin/../lib/gcc/arm-none-eabi/9.3.1/../../../../arm-none-eabi/lib/thumb/v7e-m+fp/hard\libc_nano.a(lib_a-mprec.o)
 .rodata.__mprec_bigtens
                0x000000000800e960       0x28 c:/st/stm32cubeide_1.4.0/stm32cubeide/plugins/com.st.stm32cube.ide.mcu.externaltools.gnu-tools-for-stm32.9-2020-q2-update.win32_1.5.0.202011040924/tools/bin/../lib/gcc/arm-none-eabi/9.3.1/../../../../arm-none-eabi/lib/thumb/v7e-m+fp/hard\libc_nano.a(lib_a-mprec.o)
                0x000000000800e960                __mprec_bigtens
 .rodata.__mprec_tens
                0x000000000800e988       0xc8 c:/st/stm32cubeide_1.4.0/stm32cubeide/plugins/com.st.stm32cube.ide.mcu.externaltools.gnu-tools-for-stm32.9-2020-q2-update.win32_1.5.0.202011040924/tools/bin/../lib/gcc/arm-none-eabi/9.3.1/../../../../arm-none-eabi/lib/thumb/v7e-m+fp/hard\libc_nano.a(lib_a-mprec.o)
                0x000000000800e988                __mprec_tens
 .rodata.p05.7513
                0x000000000800ea50        0xc c:/st/stm32cubeide_1.4.0/stm32cubeide/plugins/com.st.stm32cube.ide.mcu.externaltools.gnu-tools-for-stm32.9-2020-q2-update.win32_1.5.0.202011040924/tools/bin/../lib/gcc/arm-none-eabi/9.3.1/../../../../arm-none-eabi/lib/thumb/v7e-m+fp/hard\libc_nano.a(lib_a-mprec.o)
 .rodata._vfprintf_r.str1.1
                0x000000000800ea5c       0x11 c:/st/stm32cubeide_1.4.0/stm32cubeide/plugins/com.st.stm32cube.ide.mcu.externaltools.gnu-tools-for-stm32.9-2020-q2-update.win32_1.5.0.202011040924/tools/bin/../lib/gcc/arm-none-eabi/9.3.1/../../../../arm-none-eabi/lib/thumb/v7e-m+fp/hard\libc_nano.a(lib_a-nano-vfprintf.o)
 .rodata.__assert_func.str1.1
                0x000000000800ea6d       0x3c c:/st/stm32cubeide_1.4.0/stm32cubeide/plugins/com.st.stm32cube.ide.mcu.externaltools.gnu-tools-for-stm32.9-2020-q2-update.win32_1.5.0.202011040924/tools/bin/../lib/gcc/arm-none-eabi/9.3.1/../../../../arm-none-eabi/lib/thumb/v7e-m+fp/hard\libc_nano.a(lib_a-assert.o)
                                         0x3d (size before relaxing)
 .rodata._setlocale_r.str1.1
                0x000000000800eaa9        0x8 c:/st/stm32cubeide_1.4.0/stm32cubeide/plugins/com.st.stm32cube.ide.mcu.externaltools.gnu-tools-for-stm32.9-2020-q2-update.win32_1.5.0.202011040924/tools/bin/../lib/gcc/arm-none-eabi/9.3.1/../../../../arm-none-eabi/lib/thumb/v7e-m+fp/hard\libc_nano.a(lib_a-locale.o)
                                          0x9 (size before relaxing)
 .rodata.str1.1
                0x000000000800eab1        0x2 c:/st/stm32cubeide_1.4.0/stm32cubeide/plugins/com.st.stm32cube.ide.mcu.externaltools.gnu-tools-for-stm32.9-2020-q2-update.win32_1.5.0.202011040924/tools/bin/../lib/gcc/arm-none-eabi/9.3.1/../../../../arm-none-eabi/lib/thumb/v7e-m+fp/hard\libc_nano.a(lib_a-locale.o)
 .rodata._ctype_
                0x000000000800eab3      0x101 c:/st/stm32cubeide_1.4.0/stm32cubeide/plugins/com.st.stm32cube.ide.mcu.externaltools.gnu-tools-for-stm32.9-2020-q2-update.win32_1.5.0.202011040924/tools/bin/../lib/gcc/arm-none-eabi/9.3.1/../../../../arm-none-eabi/lib/thumb/v7e-m+fp/hard\libc_nano.a(lib_a-ctype_.o)
                0x000000000800eab3                _ctype_
                0x000000000800ebb4                . = ALIGN (0x4)

.ARM.extab      0x000000000800ebb4        0x0
                0x000000000800ebb4                . = ALIGN (0x4)
 *(.ARM.extab* .gnu.linkonce.armextab.*)
                0x000000000800ebb4                . = ALIGN (0x4)

.ARM            0x000000000800ebb4        0x8
                0x000000000800ebb4                . = ALIGN (0x4)
                0x000000000800ebb4                __exidx_start = .
 *(.ARM.exidx*)
 .ARM.exidx     0x000000000800ebb4        0x8 c:/st/stm32cubeide_1.4.0/stm32cubeide/plugins/com.st.stm32cube.ide.mcu.externaltools.gnu-tools-for-stm32.9-2020-q2-update.win32_1.5.0.202011040924/tools/bin/../lib/gcc/arm-none-eabi/9.3.1/thumb/v7e-m+fp/hard\libgcc.a(_udivmoddi4.o)
                0x000000000800ebbc                __exidx_end = .
                0x000000000800ebbc                . = ALIGN (0x4)

.rel.dyn        0x000000000800ebbc        0x0
 .rel.iplt      0x000000000800ebbc        0x0 c:/st/stm32cubeide_1.4.0/stm32cubeide/plugins/com.st.stm32cube.ide.mcu.externaltools.gnu-tools-for-stm32.9-2020-q2-update.win32_1.5.0.202011040924/tools/bin/../lib/gcc/arm-none-eabi/9.3.1/thumb/v7e-m+fp/hard/crtbegin.o

.preinit_array  0x000000000800ebbc        0x0
                0x000000000800ebbc                . = ALIGN (0x4)
                0x000000000800ebbc                PROVIDE (__preinit_array_start = .)
 *(.preinit_array*)
                0x000000000800ebbc                PROVIDE (__preinit_array_end = .)
                0x000000000800ebbc                . = ALIGN (0x4)

.init_array     0x000000000800ebbc        0x4
                0x000000000800ebbc                . = ALIGN (0x4)
                0x000000000800ebbc                PROVIDE (__init_array_start = .)
 *(SORT_BY_NAME(.init_array.*))
 *(.init_array*)
 .init_array    0x000000000800ebbc        0x4 c:/st/stm32cubeide_1.4.0/stm32cubeide/plugins/com.st.stm32cube.ide.mcu.externaltools.gnu-tools-for-stm32.9-2020-q2-update.win32_1.5.0.202011040924/tools/bin/../lib/gcc/arm-none-eabi/9.3.1/thumb/v7e-m+fp/hard/crtbegin.o
                0x000000000800ebc0                PROVIDE (__init_array_end = .)
                0x000000000800ebc0                . = ALIGN (0x4)

.fini_array     0x000000000800ebc0        0x4
                0x000000000800ebc0                . = ALIGN (0x4)
                [!provide]                        PROVIDE (__fini_array_start = .)
 *(SORT_BY_NAME(.fini_array.*))
 *(.fini_array*)
 .fini_array    0x000000000800ebc0        0x4 c:/st/stm32cubeide_1.4.0/stm32cubeide/plugins/com.st.stm32cube.ide.mcu.externaltools.gnu-tools-for-stm32.9-2020-q2-update.win32_1.5.0.202011040924/tools/bin/../lib/gcc/arm-none-eabi/9.3.1/thumb/v7e-m+fp/hard/crtbegin.o
                [!provide]                        PROVIDE (__fini_array_end = .)
                0x000000000800ebc4                . = ALIGN (0x4)
                0x000000000800ebc4                _sidata = LOADADDR (.data)

.data           0x0000000020000000      0x9e4 load address 0x000000000800ebc4
                0x0000000020000000                . = ALIGN (0x4)
                0x0000000020000000                _sdata = .
 *(.data)
 *(.data*)
 .data.f32_hann_window_512
                0x0000000020000000      0x800 Core/Src/dsp_window.o
                0x0000000020000000                f32_hann_window_512
 .data.data_freq
                0x0000000020000800        0x4 Core/Src/main.o
                0x0000000020000800                data_freq
 .data.window   0x0000000020000804        0x1 Core/Src/main.o
                0x0000000020000804                window
 *fill*         0x0000000020000805        0x3 
 .data.SystemCoreClock
                0x0000000020000808        0x4 Core/Src/system_stm32l4xx.o
                0x0000000020000808                SystemCoreClock
 .data.uwTickPrio
                0x000000002000080c        0x4 Drivers/STM32L4xx_HAL_Driver/stm32l4xx_hal.o
                0x000000002000080c                uwTickPrio
 .data.uwTickFreq
                0x0000000020000810        0x1 Drivers/STM32L4xx_HAL_Driver/stm32l4xx_hal.o
                0x0000000020000810                uwTickFreq
 .data.__fdlib_version
                0x0000000020000811        0x1 c:/st/stm32cubeide_1.4.0/stm32cubeide/plugins/com.st.stm32cube.ide.mcu.externaltools.gnu-tools-for-stm32.9-2020-q2-update.win32_1.5.0.202011040924/tools/bin/../lib/gcc/arm-none-eabi/9.3.1/../../../../arm-none-eabi/lib/thumb/v7e-m+fp/hard\libm.a(lib_a-s_lib_ver.o)
                0x0000000020000811                __fdlib_version
 *fill*         0x0000000020000812        0x2 
 .data._impure_ptr
                0x0000000020000814        0x4 c:/st/stm32cubeide_1.4.0/stm32cubeide/plugins/com.st.stm32cube.ide.mcu.externaltools.gnu-tools-for-stm32.9-2020-q2-update.win32_1.5.0.202011040924/tools/bin/../lib/gcc/arm-none-eabi/9.3.1/../../../../arm-none-eabi/lib/thumb/v7e-m+fp/hard\libc_nano.a(lib_a-impure.o)
                0x0000000020000814                _impure_ptr
 .data.impure_data
                0x0000000020000818       0x60 c:/st/stm32cubeide_1.4.0/stm32cubeide/plugins/com.st.stm32cube.ide.mcu.externaltools.gnu-tools-for-stm32.9-2020-q2-update.win32_1.5.0.202011040924/tools/bin/../lib/gcc/arm-none-eabi/9.3.1/../../../../arm-none-eabi/lib/thumb/v7e-m+fp/hard\libc_nano.a(lib_a-impure.o)
 .data.__global_locale
                0x0000000020000878      0x16c c:/st/stm32cubeide_1.4.0/stm32cubeide/plugins/com.st.stm32cube.ide.mcu.externaltools.gnu-tools-for-stm32.9-2020-q2-update.win32_1.5.0.202011040924/tools/bin/../lib/gcc/arm-none-eabi/9.3.1/../../../../arm-none-eabi/lib/thumb/v7e-m+fp/hard\libc_nano.a(lib_a-locale.o)
                0x0000000020000878                __global_locale
 *(.RamFunc)
 *(.RamFunc*)
                0x00000000200009e4                . = ALIGN (0x4)
                0x00000000200009e4                _edata = .

.igot.plt       0x00000000200009e4        0x0 load address 0x000000000800f5a8
 .igot.plt      0x00000000200009e4        0x0 c:/st/stm32cubeide_1.4.0/stm32cubeide/plugins/com.st.stm32cube.ide.mcu.externaltools.gnu-tools-for-stm32.9-2020-q2-update.win32_1.5.0.202011040924/tools/bin/../lib/gcc/arm-none-eabi/9.3.1/thumb/v7e-m+fp/hard/crtbegin.o
                0x00000000200009e4                . = ALIGN (0x4)
