main.c:196:5:main	8	static
main.c:252:6:SystemClock_Config	184	static
main.c:317:13:MX_NVIC_Init	8	static
main.c:338:13:MX_ADC1_Init	32	static
main.c:394:13:MX_RNG_Init	8	static
main.c:420:13:MX_TIM2_Init	40	static
main.c:465:13:MX_TIM6_Init	24	static
main.c:503:13:MX_TIM7_Init	24	static
main.c:541:13:MX_TIM16_Init	80	static
main.c:603:13:MX_USART2_UART_Init	8	static
main.c:636:13:MX_DMA_Init	16	static
main.c:649:13:MX_GPIO_Init	40	static
main.c:672:6:HAL_SYSTICK_Callback	8	static
main.c:677:6:HAL_ADC_ConvCpltCallback	2080	static
main.c:760:6:Error_Handler	4	static,ignoring_inline_asm
